Archive member included to satisfy reference by file (symbol)

c:/users/user/.vscode/extensions/buzzyelectronics.stm-helper-1.2.9/armgcc/bin/../lib/gcc/arm-none-eabi/9.2.1/../../../../arm-none-eabi/lib/thumb/v7-m/nofp\libc_nano.a(lib_a-atof.o)
                              build/main.o (atof)
c:/users/user/.vscode/extensions/buzzyelectronics.stm-helper-1.2.9/armgcc/bin/../lib/gcc/arm-none-eabi/9.2.1/../../../../arm-none-eabi/lib/thumb/v7-m/nofp\libc_nano.a(lib_a-atoi.o)
                              build/ESPControl.o (atoi)
c:/users/user/.vscode/extensions/buzzyelectronics.stm-helper-1.2.9/armgcc/bin/../lib/gcc/arm-none-eabi/9.2.1/../../../../arm-none-eabi/lib/thumb/v7-m/nofp\libc_nano.a(lib_a-calloc.o)
                              build/ESPControl.o (calloc)
c:/users/user/.vscode/extensions/buzzyelectronics.stm-helper-1.2.9/armgcc/bin/../lib/gcc/arm-none-eabi/9.2.1/../../../../arm-none-eabi/lib/thumb/v7-m/nofp\libc_nano.a(lib_a-exit.o)
                              c:/users/user/.vscode/extensions/buzzyelectronics.stm-helper-1.2.9/armgcc/bin/../lib/gcc/arm-none-eabi/9.2.1/../../../../arm-none-eabi/lib/thumb/v7-m/nofp/crt0.o (exit)
c:/users/user/.vscode/extensions/buzzyelectronics.stm-helper-1.2.9/armgcc/bin/../lib/gcc/arm-none-eabi/9.2.1/../../../../arm-none-eabi/lib/thumb/v7-m/nofp\libc_nano.a(lib_a-impure.o)
                              c:/users/user/.vscode/extensions/buzzyelectronics.stm-helper-1.2.9/armgcc/bin/../lib/gcc/arm-none-eabi/9.2.1/../../../../arm-none-eabi/lib/thumb/v7-m/nofp\libc_nano.a(lib_a-exit.o) (_global_impure_ptr)
c:/users/user/.vscode/extensions/buzzyelectronics.stm-helper-1.2.9/armgcc/bin/../lib/gcc/arm-none-eabi/9.2.1/../../../../arm-none-eabi/lib/thumb/v7-m/nofp\libc_nano.a(lib_a-init.o)
                              c:/users/user/.vscode/extensions/buzzyelectronics.stm-helper-1.2.9/armgcc/bin/../lib/gcc/arm-none-eabi/9.2.1/../../../../arm-none-eabi/lib/thumb/v7-m/nofp/crt0.o (__libc_init_array)
c:/users/user/.vscode/extensions/buzzyelectronics.stm-helper-1.2.9/armgcc/bin/../lib/gcc/arm-none-eabi/9.2.1/../../../../arm-none-eabi/lib/thumb/v7-m/nofp\libc_nano.a(lib_a-malloc.o)
                              build/ESPControl.o (free)
c:/users/user/.vscode/extensions/buzzyelectronics.stm-helper-1.2.9/armgcc/bin/../lib/gcc/arm-none-eabi/9.2.1/../../../../arm-none-eabi/lib/thumb/v7-m/nofp\libc_nano.a(lib_a-memmove.o)
                              build/ModbusRtu.o (memmove)
c:/users/user/.vscode/extensions/buzzyelectronics.stm-helper-1.2.9/armgcc/bin/../lib/gcc/arm-none-eabi/9.2.1/../../../../arm-none-eabi/lib/thumb/v7-m/nofp\libc_nano.a(lib_a-memset.o)
                              c:/users/user/.vscode/extensions/buzzyelectronics.stm-helper-1.2.9/armgcc/bin/../lib/gcc/arm-none-eabi/9.2.1/../../../../arm-none-eabi/lib/thumb/v7-m/nofp/crt0.o (memset)
c:/users/user/.vscode/extensions/buzzyelectronics.stm-helper-1.2.9/armgcc/bin/../lib/gcc/arm-none-eabi/9.2.1/../../../../arm-none-eabi/lib/thumb/v7-m/nofp\libc_nano.a(lib_a-nano-callocr.o)
                              c:/users/user/.vscode/extensions/buzzyelectronics.stm-helper-1.2.9/armgcc/bin/../lib/gcc/arm-none-eabi/9.2.1/../../../../arm-none-eabi/lib/thumb/v7-m/nofp\libc_nano.a(lib_a-calloc.o) (_calloc_r)
c:/users/user/.vscode/extensions/buzzyelectronics.stm-helper-1.2.9/armgcc/bin/../lib/gcc/arm-none-eabi/9.2.1/../../../../arm-none-eabi/lib/thumb/v7-m/nofp\libc_nano.a(lib_a-nano-freer.o)
                              c:/users/user/.vscode/extensions/buzzyelectronics.stm-helper-1.2.9/armgcc/bin/../lib/gcc/arm-none-eabi/9.2.1/../../../../arm-none-eabi/lib/thumb/v7-m/nofp\libc_nano.a(lib_a-malloc.o) (_free_r)
c:/users/user/.vscode/extensions/buzzyelectronics.stm-helper-1.2.9/armgcc/bin/../lib/gcc/arm-none-eabi/9.2.1/../../../../arm-none-eabi/lib/thumb/v7-m/nofp\libc_nano.a(lib_a-nano-mallocr.o)
                              c:/users/user/.vscode/extensions/buzzyelectronics.stm-helper-1.2.9/armgcc/bin/../lib/gcc/arm-none-eabi/9.2.1/../../../../arm-none-eabi/lib/thumb/v7-m/nofp\libc_nano.a(lib_a-malloc.o) (_malloc_r)
c:/users/user/.vscode/extensions/buzzyelectronics.stm-helper-1.2.9/armgcc/bin/../lib/gcc/arm-none-eabi/9.2.1/../../../../arm-none-eabi/lib/thumb/v7-m/nofp\libc_nano.a(lib_a-nano-vfprintf_float.o)
                              (_printf_float)
c:/users/user/.vscode/extensions/buzzyelectronics.stm-helper-1.2.9/armgcc/bin/../lib/gcc/arm-none-eabi/9.2.1/../../../../arm-none-eabi/lib/thumb/v7-m/nofp\libc_nano.a(lib_a-nano-vfprintf_i.o)
                              c:/users/user/.vscode/extensions/buzzyelectronics.stm-helper-1.2.9/armgcc/bin/../lib/gcc/arm-none-eabi/9.2.1/../../../../arm-none-eabi/lib/thumb/v7-m/nofp\libc_nano.a(lib_a-nano-vfprintf_float.o) (_printf_common)
c:/users/user/.vscode/extensions/buzzyelectronics.stm-helper-1.2.9/armgcc/bin/../lib/gcc/arm-none-eabi/9.2.1/../../../../arm-none-eabi/lib/thumb/v7-m/nofp\libc_nano.a(lib_a-sbrkr.o)
[...]
Memory Configuration

Name             Origin             Length             Attributes
RAM              0x0000000020000000 0x0000000000005000 xrw
FLASH            0x0000000008000000 0x0000000000010000 xr
*default*        0x0000000000000000 0xffffffffffffffff

Linker script and memory map

LOAD c:/users/user/.vscode/extensions/buzzyelectronics.stm-helper-1.2.9/armgcc/bin/../lib/gcc/arm-none-eabi/9.2.1/thumb/v7-m/nofp/crti.o
LOAD c:/users/user/.vscode/extensions/buzzyelectronics.stm-helper-1.2.9/armgcc/bin/../lib/gcc/arm-none-eabi/9.2.1/thumb/v7-m/nofp/crtbegin.o
LOAD c:/users/user/.vscode/extensions/buzzyelectronics.stm-helper-1.2.9/armgcc/bin/../lib/gcc/arm-none-eabi/9.2.1/../../../../arm-none-eabi/lib/thumb/v7-m/nofp/crt0.o
LOAD build/main.o
LOAD build/stm32f1xx_it.o
LOAD build/stm32f1xx_hal_msp.o
LOAD build/stm32f1xx_hal_gpio_ex.o
LOAD build/stm32f1xx_hal_i2c.o
LOAD build/stm32f1xx_hal.o
LOAD build/stm32f1xx_hal_rcc.o
LOAD build/stm32f1xx_hal_rcc_ex.o
LOAD build/stm32f1xx_hal_gpio.o
LOAD build/stm32f1xx_hal_dma.o
LOAD build/stm32f1xx_hal_cortex.o
LOAD build/stm32f1xx_hal_pwr.o
LOAD build/stm32f1xx_hal_flash.o
LOAD build/stm32f1xx_hal_flash_ex.o
LOAD build/stm32f1xx_hal_exti.o
LOAD build/stm32f1xx_hal_rtc.o
LOAD build/stm32f1xx_hal_rtc_ex.o
LOAD build/stm32f1xx_hal_tim.o
LOAD build/stm32f1xx_hal_tim_ex.o
LOAD build/stm32f1xx_hal_uart.o
LOAD build/system_stm32f1xx.o
LOAD build/ESPControl.o
LOAD build/i2c-lcd.o
LOAD build/lcd.o
LOAD build/ModbusRtu.o
LOAD build/controllerSleep.o
LOAD build/startup_stm32f103xb.o
LOAD c:/users/user/.vscode/extensions/buzzyelectronics.stm-helper-1.2.9/armgcc/bin/../lib/gcc/arm-none-eabi/9.2.1/../../../../arm-none-eabi/lib/thumb/v7-m/nofp\libc_nano.a
LOAD c:/users/user/.vscode/extensions/buzzyelectronics.stm-helper-1.2.9/armgcc/bin/../lib/gcc/arm-none-eabi/9.2.1/../../../../arm-none-eabi/lib/thumb/v7-m/nofp\libm.a
LOAD c:/users/user/.vscode/extensions/buzzyelectronics.stm-helper-1.2.9/armgcc/bin/../lib/gcc/arm-none-eabi/9.2.1/../../../../arm-none-eabi/lib/thumb/v7-m/nofp\libnosys.a
START GROUP
LOAD c:/users/user/.vscode/extensions/buzzyelectronics.stm-helper-1.2.9/armgcc/bin/../lib/gcc/arm-none-eabi/9.2.1/thumb/v7-m/nofp\libgcc.a
LOAD c:/users/user/.vscode/extensions/buzzyelectronics.stm-helper-1.2.9/armgcc/bin/../lib/gcc/arm-none-eabi/9.2.1/../../../../arm-none-eabi/lib/thumb/v7-m/nofp\libc_nano.a
END GROUP
START GROUP
LOAD c:/users/user/.vscode/extensions/buzzyelectronics.stm-helper-1.2.9/armgcc/bin/../lib/gcc/arm-none-eabi/9.2.1/thumb/v7-m/nofp\libgcc.a
LOAD c:/users/user/.vscode/extensions/buzzyelectronics.stm-helper-1.2.9/armgcc/bin/../lib/gcc/arm-none-eabi/9.2.1/../../../../arm-none-eabi/lib/thumb/v7-m/nofp\libc_nano.a
END GROUP
LOAD c:/users/user/.vscode/extensions/buzzyelectronics.stm-helper-1.2.9/armgcc/bin/../lib/gcc/arm-none-eabi/9.2.1/thumb/v7-m/nofp/crtend.o
LOAD c:/users/user/.vscode/extensions/buzzyelectronics.stm-helper-1.2.9/armgcc/bin/../lib/gcc/arm-none-eabi/9.2.1/thumb/v7-m/nofp/crtn.o
                0x0000000020005000                _estack = 0x20005000
                0x0000000000000200                _Min_Heap_Size = 0x200
                0x0000000000000400                _Min_Stack_Size = 0x400

.isr_vector     0x0000000008000000      0x10c
                0x0000000008000000                . = ALIGN (0x4)
 *(.isr_vector)
 .isr_vector    0x0000000008000000      0x10c build/startup_stm32f103xb.o
                0x0000000008000000                g_pfnVectors
                0x000000000800010c                . = ALIGN (0x4)

.text           0x0000000008000110     0x8258
                0x0000000008000110                . = ALIGN (0x4)
 *(.text)
 .text          0x0000000008000110       0x14 c:/users/user/.vscode/extensions/buzzyelectronics.stm-helper-1.2.9/armgcc/bin/../lib/gcc/arm-none-eabi/9.2.1/../../../../arm-none-eabi/lib/thumb/v7-m/nofp\libc_nano.a(lib_a-strcmp.o)
                0x0000000008000110                strcmp
 .text          0x0000000008000124       0x10 c:/users/user/.vscode/extensions/buzzyelectronics.stm-helper-1.2.9/armgcc/bin/../lib/gcc/arm-none-eabi/9.2.1/../../../../arm-none-eabi/lib/thumb/v7-m/nofp\libc_nano.a(lib_a-strlen.o)
                0x0000000008000124                strlen
 .text          0x0000000008000134      0x378 c:/users/user/.vscode/extensions/buzzyelectronics.stm-helper-1.2.9/armgcc/bin/../lib/gcc/arm-none-eabi/9.2.1/thumb/v7-m/nofp\libgcc.a(_arm_addsubdf3.o)
                0x0000000008000134                __aeabi_drsub
                0x000000000800013c                __aeabi_dsub
                0x000000000800013c                __subdf3
                0x0000000008000140                __aeabi_dadd
                0x0000000008000140                __adddf3
                0x00000000080003b8                __floatunsidf
                0x00000000080003b8                __aeabi_ui2d
                0x00000000080003d8                __floatsidf
                0x00000000080003d8                __aeabi_i2d
                0x00000000080003fc                __aeabi_f2d
                0x00000000080003fc                __extendsfdf2
                0x0000000008000440                __floatundidf
                0x0000000008000440                __aeabi_ul2d
                0x0000000008000450                __floatdidf
                0x0000000008000450                __aeabi_l2d
 .text          0x00000000080004ac      0x424 c:/users/user/.vscode/extensions/buzzyelectronics.stm-helper-1.2.9/armgcc/bin/../lib/gcc/arm-none-eabi/9.2.1/thumb/v7-m/nofp\libgcc.a(_arm_muldivdf3.o)
                0x00000000080004ac                __aeabi_dmul
                0x00000000080004ac                __muldf3
                0x0000000008000700                __divdf3
                0x0000000008000700                __aeabi_ddiv
 .text          0x00000000080008d0      0x110 c:/users/user/.vscode/extensions/buzzyelectronics.stm-helper-1.2.9/armgcc/bin/../lib/gcc/arm-none-eabi/9.2.1/thumb/v7-m/nofp\libgcc.a(_arm_cmpdf2.o)
                0x00000000080008d0                __gtdf2
                0x00000000080008d0                __gedf2
                0x00000000080008d8                __ltdf2
                0x00000000080008d8                __ledf2
                0x00000000080008e0                __nedf2
                0x00000000080008e0                __eqdf2
                0x00000000080008e0                __cmpdf2
                0x000000000800095c                __aeabi_cdrcmple
                0x000000000800096c                __aeabi_cdcmpeq
                0x000000000800096c                __aeabi_cdcmple
                0x000000000800097c                __aeabi_dcmpeq
                0x0000000008000990                __aeabi_dcmplt
                0x00000000080009a4                __aeabi_dcmple
                0x00000000080009b8                __aeabi_dcmpge
                0x00000000080009cc                __aeabi_dcmpgt
 .text          0x00000000080009e0       0x2c c:/users/user/.vscode/extensions/buzzyelectronics.stm-helper-1.2.9/armgcc/bin/../lib/gcc/arm-none-eabi/9.2.1/thumb/v7-m/nofp\libgcc.a(_arm_unorddf2.o)
                0x00000000080009e0                __unorddf2
                0x00000000080009e0                __aeabi_dcmpun
 .text          0x0000000008000a0c       0x50 c:/users/user/.vscode/extensions/buzzyelectronics.stm-helper-1.2.9/armgcc/bin/../lib/gcc/arm-none-eabi/9.2.1/thumb/v7-m/nofp\libgcc.a(_arm_fixdfsi.o)
                0x0000000008000a0c                __aeabi_d2iz
                0x0000000008000a0c                __fixdfsi
 .text          0x0000000008000a5c       0x40 c:/users/user/.vscode/extensions/buzzyelectronics.stm-helper-1.2.9/armgcc/bin/../lib/gcc/arm-none-eabi/9.2.1/thumb/v7-m/nofp\libgcc.a(_arm_fixunsdfsi.o)
                0x0000000008000a5c                __aeabi_d2uiz
                0x0000000008000a5c                __fixunsdfsi
 *(.text*)
 .text.__do_global_dtors_aux
                0x0000000008000a9c       0x24 c:/users/user/.vscode/extensions/buzzyelectronics.stm-helper-1.2.9/armgcc/bin/../lib/gcc/arm-none-eabi/9.2.1/thumb/v7-m/nofp/crtbegin.o
 .text.frame_dummy
                0x0000000008000ac0       0x1c c:/users/user/.vscode/extensions/buzzyelectronics.stm-helper-1.2.9/armgcc/bin/../lib/gcc/arm-none-eabi/9.2.1/thumb/v7-m/nofp/crtbegin.o
 .text.MX_GPIO_Init
                0x0000000008000adc      0x11c build/main.o
 .text.MX_I2C1_Init
                0x0000000008000bf8       0x34 build/main.o
 .text.MX_TIM2_Init
                0x0000000008000c2c       0x4c build/main.o
 .text.MX_RTC_Init
                0x0000000008000c78       0x8c build/main.o
 .text.MX_TIM3_Init
                0x0000000008000d04       0x54 build/main.o
 .text.MX_TIM4_Init
                0x0000000008000d58       0x58 build/main.o
 .text.MX_USART1_UART_Init
                0x0000000008000db0       0x2c build/main.o
 .text.MX_USART3_UART_Init
                0x0000000008000ddc       0x2c build/main.o
 .text.MX_USART2_UART_Init
                0x0000000008000e08       0x2c build/main.o
 .text.SystemClock_Config
                0x0000000008000e34       0x6a build/main.o
                0x0000000008000e34                SystemClock_Config
 *fill*         0x0000000008000e9e        0x2 
 .text.ExceptionExists
                0x0000000008000ea0       0x1c build/main.o
                0x0000000008000ea0                ExceptionExists
 .text.DelAllExceptions
                0x0000000008000ebc       0x30 build/main.o
                0x0000000008000ebc                DelAllExceptions
 .text.LoadingScreen
                0x0000000008000eec       0x1c build/main.o
                0x0000000008000eec                LoadingScreen
 .text.DayChangeLCD
                0x0000000008000f08       0xa8 build/main.o
                0x0000000008000f08                DayChangeLCD
 .text.RefreshLCD
                0x0000000008000fb0       0xac build/main.o
                0x0000000008000fb0                RefreshLCD
 .text.AddException
                0x000000000800105c       0x60 build/main.o
                0x000000000800105c                AddException
 .text.DelException
                0x00000000080010bc       0x4c build/main.o
                0x00000000080010bc                DelException
 .text.sendEnergyDelta
                0x0000000008001108       0x6c build/main.o
                0x0000000008001108                sendEnergyDelta
 .text.DataRequest
                0x0000000008001174      0x13c build/main.o
                0x0000000008001174                DataRequest
 .text.RefreshLCDAnim
                0x00000000080012b0       0xd4 build/main.o
                0x00000000080012b0                RefreshLCDAnim
 .text.main     0x0000000008001384      0x32c build/main.o
                0x0000000008001384                main
 .text.HAL_TIM_PeriodElapsedCallback
                0x00000000080016b0       0x3c build/main.o
                0x00000000080016b0                HAL_TIM_PeriodElapsedCallback
 .text.HAL_GPIO_EXTI_Callback
                0x00000000080016ec       0x90 build/main.o
                0x00000000080016ec                HAL_GPIO_EXTI_Callback
 .text.HAL_RTC_AlarmAEventCallback
                0x000000000800177c        0x2 build/main.o
                0x000000000800177c                HAL_RTC_AlarmAEventCallback
 .text.Error_Handler
                0x000000000800177e        0x2 build/main.o
                0x000000000800177e                Error_Handler
 .text.NMI_Handler
                0x0000000008001780        0x2 build/stm32f1xx_it.o
                0x0000000008001780                NMI_Handler
 .text.HardFault_Handler
                0x0000000008001782        0x2 build/stm32f1xx_it.o
                0x0000000008001782                HardFault_Handler
 .text.MemManage_Handler
                0x0000000008001784        0x2 build/stm32f1xx_it.o
                0x0000000008001784                MemManage_Handler
 .text.BusFault_Handler
                0x0000000008001786        0x2 build/stm32f1xx_it.o
                0x0000000008001786                BusFault_Handler
 .text.UsageFault_Handler
                0x0000000008001788        0x2 build/stm32f1xx_it.o
                0x0000000008001788                UsageFault_Handler
 .text.SVC_Handler
                0x000000000800178a        0x2 build/stm32f1xx_it.o
                0x000000000800178a                SVC_Handler
 .text.DebugMon_Handler
                0x000000000800178c        0x2 build/stm32f1xx_it.o
                0x000000000800178c                DebugMon_Handler
 .text.PendSV_Handler
                0x000000000800178e        0x2 build/stm32f1xx_it.o
                0x000000000800178e                PendSV_Handler
 .text.SysTick_Handler
                0x0000000008001790        0x8 build/stm32f1xx_it.o
                0x0000000008001790                SysTick_Handler
 .text.EXTI3_IRQHandler
                0x0000000008001798        0xa build/stm32f1xx_it.o
                0x0000000008001798                EXTI3_IRQHandler
 .text.EXTI4_IRQHandler
                0x00000000080017a2        0xa build/stm32f1xx_it.o
                0x00000000080017a2                EXTI4_IRQHandler
 .text.TIM2_IRQHandler
                0x00000000080017ac       0x10 build/stm32f1xx_it.o
                0x00000000080017ac                TIM2_IRQHandler
 .text.TIM3_IRQHandler
                0x00000000080017bc       0x10 build/stm32f1xx_it.o
                0x00000000080017bc                TIM3_IRQHandler
 .text.TIM4_IRQHandler
                0x00000000080017cc       0x10 build/stm32f1xx_it.o
                0x00000000080017cc                TIM4_IRQHandler
 .text.USART1_IRQHandler
                0x00000000080017dc       0x10 build/stm32f1xx_it.o
                0x00000000080017dc                USART1_IRQHandler
 .text.USART3_IRQHandler
                0x00000000080017ec       0x10 build/stm32f1xx_it.o
                0x00000000080017ec                USART3_IRQHandler
 .text.RTC_Alarm_IRQHandler
                0x00000000080017fc       0x10 build/stm32f1xx_it.o
                0x00000000080017fc                RTC_Alarm_IRQHandler
 .text.HAL_MspInit
                0x000000000800180c       0x44 build/stm32f1xx_hal_msp.o
                0x000000000800180c                HAL_MspInit
 .text.HAL_I2C_MspInit
                0x0000000008001850       0x78 build/stm32f1xx_hal_msp.o
                0x0000000008001850                HAL_I2C_MspInit
 .text.HAL_RTC_MspInit
                0x00000000080018c8       0x50 build/stm32f1xx_hal_msp.o
                0x00000000080018c8                HAL_RTC_MspInit
 .text.HAL_TIM_Encoder_MspInit
                0x0000000008001918       0x6c build/stm32f1xx_hal_msp.o
                0x0000000008001918                HAL_TIM_Encoder_MspInit
 .text.HAL_TIM_Base_MspInit
                0x0000000008001984       0x70 build/stm32f1xx_hal_msp.o
                0x0000000008001984                HAL_TIM_Base_MspInit
 .text.HAL_UART_MspInit
                0x00000000080019f4      0x158 build/stm32f1xx_hal_msp.o
                0x00000000080019f4                HAL_UART_MspInit
 .text.I2C_IsAcknowledgeFailed
                0x0000000008001b4c       0x32 build/stm32f1xx_hal_i2c.o
 .text.I2C_WaitOnFlagUntilTimeout
                0x0000000008001b7e       0x74 build/stm32f1xx_hal_i2c.o
 .text.I2C_WaitOnMasterAddressFlagUntilTimeout
                0x0000000008001bf2       0xaa build/stm32f1xx_hal_i2c.o
 .text.I2C_MasterRequestWrite
                0x0000000008001c9c       0xa4 build/stm32f1xx_hal_i2c.o
 .text.I2C_WaitOnTXEFlagUntilTimeout
                0x0000000008001d40       0x54 build/stm32f1xx_hal_i2c.o
 .text.I2C_WaitOnBTFFlagUntilTimeout
                0x0000000008001d94       0x54 build/stm32f1xx_hal_i2c.o
 .text.HAL_I2C_Init
                0x0000000008001de8      0x1a8 build/stm32f1xx_hal_i2c.o
                0x0000000008001de8                HAL_I2C_Init
 .text.HAL_I2C_Master_Transmit
                0x0000000008001f90      0x178 build/stm32f1xx_hal_i2c.o
                0x0000000008001f90                HAL_I2C_Master_Transmit
 .text.HAL_InitTick
                0x0000000008002108       0x4c build/stm32f1xx_hal.o
                0x0000000008002108                HAL_InitTick
 .text.HAL_Init
                0x0000000008002154       0x24 build/stm32f1xx_hal.o
                0x0000000008002154                HAL_Init
 .text.HAL_IncTick
                0x0000000008002178       0x18 build/stm32f1xx_hal.o
                0x0000000008002178                HAL_IncTick
 .text.HAL_GetTick
                0x0000000008002190        0xc build/stm32f1xx_hal.o
                0x0000000008002190                HAL_GetTick
 .text.HAL_Delay
                0x000000000800219c       0x28 build/stm32f1xx_hal.o
                0x000000000800219c                HAL_Delay
 .text.HAL_SuspendTick
                0x00000000080021c4       0x10 build/stm32f1xx_hal.o
                0x00000000080021c4                HAL_SuspendTick
 .text.HAL_ResumeTick
                0x00000000080021d4       0x10 build/stm32f1xx_hal.o
                0x00000000080021d4                HAL_ResumeTick
 .text.RCC_Delay
                0x00000000080021e4       0x2c build/stm32f1xx_hal_rcc.o
 .text.HAL_RCC_OscConfig
                0x0000000008002210      0x410 build/stm32f1xx_hal_rcc.o
                0x0000000008002210                HAL_RCC_OscConfig
 .text.HAL_RCC_GetSysClockFreq
                0x0000000008002620       0x6c build/stm32f1xx_hal_rcc.o
                0x0000000008002620                HAL_RCC_GetSysClockFreq
 .text.HAL_RCC_ClockConfig
                0x000000000800268c      0x16c build/stm32f1xx_hal_rcc.o
                0x000000000800268c                HAL_RCC_ClockConfig
 .text.HAL_RCC_GetHCLKFreq
                0x00000000080027f8        0xc build/stm32f1xx_hal_rcc.o
                0x00000000080027f8                HAL_RCC_GetHCLKFreq
 .text.HAL_RCC_GetPCLK1Freq
                0x0000000008002804       0x20 build/stm32f1xx_hal_rcc.o
                0x0000000008002804                HAL_RCC_GetPCLK1Freq
 .text.HAL_RCC_GetPCLK2Freq
                0x0000000008002824       0x20 build/stm32f1xx_hal_rcc.o
                0x0000000008002824                HAL_RCC_GetPCLK2Freq
 .text.HAL_RCCEx_PeriphCLKConfig
                0x0000000008002844      0x114 build/stm32f1xx_hal_rcc_ex.o
                0x0000000008002844                HAL_RCCEx_PeriphCLKConfig
 .text.HAL_RCCEx_GetPeriphCLKFreq
                0x0000000008002958       0xf4 build/stm32f1xx_hal_rcc_ex.o
                0x0000000008002958                HAL_RCCEx_GetPeriphCLKFreq
 .text.HAL_GPIO_Init
                0x0000000008002a4c      0x220 build/stm32f1xx_hal_gpio.o
                0x0000000008002a4c                HAL_GPIO_Init
 .text.HAL_GPIO_WritePin
                0x0000000008002c6c        0xc build/stm32f1xx_hal_gpio.o
                0x0000000008002c6c                HAL_GPIO_WritePin
 .text.HAL_GPIO_EXTI_IRQHandler
                0x0000000008002c78       0x1c build/stm32f1xx_hal_gpio.o
                0x0000000008002c78                HAL_GPIO_EXTI_IRQHandler
 .text.HAL_DMA_Abort
                0x0000000008002c94       0x44 build/stm32f1xx_hal_dma.o
                0x0000000008002c94                HAL_DMA_Abort
 .text.HAL_DMA_Abort_IT
                0x0000000008002cd8       0x98 build/stm32f1xx_hal_dma.o
                0x0000000008002cd8                HAL_DMA_Abort_IT
 .text.HAL_DMA_GetError
                0x0000000008002d70        0x4 build/stm32f1xx_hal_dma.o
                0x0000000008002d70                HAL_DMA_GetError
 .text.HAL_NVIC_SetPriorityGrouping
                0x0000000008002d74       0x24 build/stm32f1xx_hal_cortex.o
                0x0000000008002d74                HAL_NVIC_SetPriorityGrouping
 .text.HAL_NVIC_SetPriority
                0x0000000008002d98       0x68 build/stm32f1xx_hal_cortex.o
                0x0000000008002d98                HAL_NVIC_SetPriority
 .text.HAL_NVIC_EnableIRQ
                0x0000000008002e00       0x1c build/stm32f1xx_hal_cortex.o
                0x0000000008002e00                HAL_NVIC_EnableIRQ
 .text.HAL_NVIC_DisableIRQ
                0x0000000008002e1c       0x24 build/stm32f1xx_hal_cortex.o
                0x0000000008002e1c                HAL_NVIC_DisableIRQ
 .text.HAL_SYSTICK_Config
                0x0000000008002e40       0x2c build/stm32f1xx_hal_cortex.o
                0x0000000008002e40                HAL_SYSTICK_Config
 .text.PWR_OverloadWfe
                0x0000000008002e6c        0x6 build/stm32f1xx_hal_pwr.o
 *fill*         0x0000000008002e72        0x2 
 .text.HAL_PWR_EnableBkUpAccess
                0x0000000008002e74        0xc build/stm32f1xx_hal_pwr.o
                0x0000000008002e74                HAL_PWR_EnableBkUpAccess
 .text.HAL_PWR_EnterSTOPMode
                0x0000000008002e80       0x48 build/stm32f1xx_hal_pwr.o
                0x0000000008002e80                HAL_PWR_EnterSTOPMode
 .text.RTC_ReadTimeCounter
                0x0000000008002ec8       0x26 build/stm32f1xx_hal_rtc.o
 .text.RTC_ReadAlarmCounter
                0x0000000008002eee        0xe build/stm32f1xx_hal_rtc.o
 .text.RTC_ByteToBcd2
                0x0000000008002efc       0x16 build/stm32f1xx_hal_rtc.o
 .text.RTC_Bcd2ToByte
                0x0000000008002f12       0x12 build/stm32f1xx_hal_rtc.o
 .text.RTC_IsLeapYear
                0x0000000008002f24       0x40 build/stm32f1xx_hal_rtc.o
 .text.RTC_WeekDayNum
                0x0000000008002f64       0x9c build/stm32f1xx_hal_rtc.o
 .text.RTC_DateUpdate
                0x0000000008003000       0xba build/stm32f1xx_hal_rtc.o
 .text.RTC_EnterInitMode
                0x00000000080030ba       0x30 build/stm32f1xx_hal_rtc.o
 .text.RTC_ExitInitMode
                0x00000000080030ea       0x32 build/stm32f1xx_hal_rtc.o
 .text.RTC_WriteTimeCounter
                0x000000000800311c       0x2a build/stm32f1xx_hal_rtc.o
 .text.RTC_WriteAlarmCounter
                0x0000000008003146       0x2a build/stm32f1xx_hal_rtc.o
 .text.HAL_RTC_SetTime
                0x0000000008003170       0xc2 build/stm32f1xx_hal_rtc.o
                0x0000000008003170                HAL_RTC_SetTime
 *fill*         0x0000000008003232        0x2 
 .text.HAL_RTC_GetTime
                0x0000000008003234      0x10c build/stm32f1xx_hal_rtc.o
                0x0000000008003234                HAL_RTC_GetTime
 .text.HAL_RTC_SetDate
                0x0000000008003340       0xd4 build/stm32f1xx_hal_rtc.o
                0x0000000008003340                HAL_RTC_SetDate
 .text.HAL_RTC_SetAlarm_IT
                0x0000000008003414       0xf0 build/stm32f1xx_hal_rtc.o
                0x0000000008003414                HAL_RTC_SetAlarm_IT
 .text.HAL_RTC_AlarmIRQHandler
                0x0000000008003504       0x38 build/stm32f1xx_hal_rtc.o
                0x0000000008003504                HAL_RTC_AlarmIRQHandler
 .text.HAL_RTC_WaitForSynchro
                0x000000000800353c       0x38 build/stm32f1xx_hal_rtc.o
                0x000000000800353c                HAL_RTC_WaitForSynchro
 .text.HAL_RTC_Init
                0x0000000008003574       0xbc build/stm32f1xx_hal_rtc.o
                0x0000000008003574                HAL_RTC_Init
 .text.TIM_TI1_ConfigInputStage
                0x0000000008003630       0x24 build/stm32f1xx_hal_tim.o
 .text.TIM_TI2_ConfigInputStage
                0x0000000008003654       0x26 build/stm32f1xx_hal_tim.o
 .text.TIM_ITRx_SetConfig
                0x000000000800367a       0x10 build/stm32f1xx_hal_tim.o
 .text.HAL_TIM_Base_Start_IT
                0x000000000800368a       0x22 build/stm32f1xx_hal_tim.o
                0x000000000800368a                HAL_TIM_Base_Start_IT
 .text.HAL_TIM_Base_Stop_IT
                0x00000000080036ac       0x2c build/stm32f1xx_hal_tim.o
                0x00000000080036ac                HAL_TIM_Base_Stop_IT
 .text.HAL_TIM_OC_DelayElapsedCallback
                0x00000000080036d8        0x2 build/stm32f1xx_hal_tim.o
                0x00000000080036d8                HAL_TIM_OC_DelayElapsedCallback
 .text.HAL_TIM_IC_CaptureCallback
                0x00000000080036da        0x2 build/stm32f1xx_hal_tim.o
                0x00000000080036da                HAL_TIM_IC_CaptureCallback
 .text.HAL_TIM_PWM_PulseFinishedCallback
                0x00000000080036dc        0x2 build/stm32f1xx_hal_tim.o
                0x00000000080036dc                HAL_TIM_PWM_PulseFinishedCallback
 .text.HAL_TIM_TriggerCallback
                0x00000000080036de        0x2 build/stm32f1xx_hal_tim.o
                0x00000000080036de                HAL_TIM_TriggerCallback
 .text.HAL_TIM_IRQHandler
                0x00000000080036e0      0x17a build/stm32f1xx_hal_tim.o
                0x00000000080036e0                HAL_TIM_IRQHandler
 *fill*         0x000000000800385a        0x2 
 .text.TIM_Base_SetConfig
                0x000000000800385c       0x74 build/stm32f1xx_hal_tim.o
                0x000000000800385c                TIM_Base_SetConfig
 .text.HAL_TIM_Base_Init
                0x00000000080038d0       0x34 build/stm32f1xx_hal_tim.o
                0x00000000080038d0                HAL_TIM_Base_Init
 .text.HAL_TIM_Encoder_Init
                0x0000000008003904       0x9c build/stm32f1xx_hal_tim.o
                0x0000000008003904                HAL_TIM_Encoder_Init
 .text.TIM_ETR_SetConfig
                0x00000000080039a0       0x16 build/stm32f1xx_hal_tim.o
                0x00000000080039a0                TIM_ETR_SetConfig
 .text.HAL_TIM_ConfigClockSource
                0x00000000080039b6       0xda build/stm32f1xx_hal_tim.o
                0x00000000080039b6                HAL_TIM_ConfigClockSource
 .text.TIM_CCxChannelCmd
                0x0000000008003a90       0x22 build/stm32f1xx_hal_tim.o
                0x0000000008003a90                TIM_CCxChannelCmd
 .text.HAL_TIM_Encoder_Start
                0x0000000008003ab2       0x44 build/stm32f1xx_hal_tim.o
                0x0000000008003ab2                HAL_TIM_Encoder_Start
 .text.HAL_TIMEx_MasterConfigSynchronization
                0x0000000008003af6       0x46 build/stm32f1xx_hal_tim_ex.o
                0x0000000008003af6                HAL_TIMEx_MasterConfigSynchronization
 .text.HAL_TIMEx_CommutCallback
                0x0000000008003b3c        0x2 build/stm32f1xx_hal_tim_ex.o
                0x0000000008003b3c                HAL_TIMEx_CommutCallback
 .text.HAL_TIMEx_BreakCallback
                0x0000000008003b3e        0x2 build/stm32f1xx_hal_tim_ex.o
                0x0000000008003b3e                HAL_TIMEx_BreakCallback
 .text.UART_EndRxTransfer
                0x0000000008003b40       0x1c build/stm32f1xx_hal_uart.o
 .text.UART_Transmit_IT
                0x0000000008003b5c       0x66 build/stm32f1xx_hal_uart.o
 *fill*         0x0000000008003bc2        0x2 
 .text.UART_SetConfig
                0x0000000008003bc4       0xcc build/stm32f1xx_hal_uart.o
 .text.UART_WaitOnFlagUntilTimeout
                0x0000000008003c90       0x68 build/stm32f1xx_hal_uart.o
 .text.HAL_UART_Init
                0x0000000008003cf8       0x5e build/stm32f1xx_hal_uart.o
                0x0000000008003cf8                HAL_UART_Init
 .text.HAL_UART_Transmit
                0x0000000008003d56       0xe0 build/stm32f1xx_hal_uart.o
                0x0000000008003d56                HAL_UART_Transmit
 .text.HAL_UART_Receive_IT
                0x0000000008003e36       0x5c build/stm32f1xx_hal_uart.o
                0x0000000008003e36                HAL_UART_Receive_IT
 .text.HAL_UART_AbortReceive
                0x0000000008003e92       0x58 build/stm32f1xx_hal_uart.o
                0x0000000008003e92                HAL_UART_AbortReceive
 .text.HAL_UART_TxCpltCallback
                0x0000000008003eea        0x2 build/stm32f1xx_hal_uart.o
                0x0000000008003eea                HAL_UART_TxCpltCallback
 .text.UART_EndTransmit_IT
                0x0000000008003eec       0x1a build/stm32f1xx_hal_uart.o
 .text.HAL_UART_RxCpltCallback
                0x0000000008003f06        0x2 build/stm32f1xx_hal_uart.o
                0x0000000008003f06                HAL_UART_RxCpltCallback
 .text.UART_Receive_IT
                0x0000000008003f08       0x9e build/stm32f1xx_hal_uart.o
 .text.HAL_UART_ErrorCallback
                0x0000000008003fa6        0x2 build/stm32f1xx_hal_uart.o
                0x0000000008003fa6                HAL_UART_ErrorCallback
 .text.HAL_UART_IRQHandler
                0x0000000008003fa8      0x120 build/stm32f1xx_hal_uart.o
                0x0000000008003fa8                HAL_UART_IRQHandler
 .text.UART_DMAAbortOnError
                0x00000000080040c8       0x10 build/stm32f1xx_hal_uart.o
 .text.HAL_UART_AbortReceiveCpltCallback
                0x00000000080040d8        0x2 build/stm32f1xx_hal_uart.o
                0x00000000080040d8                HAL_UART_AbortReceiveCpltCallback
 *fill*         0x00000000080040da        0x2 
 .text.HAL_UART_AbortReceive_IT
                0x00000000080040dc       0x68 build/stm32f1xx_hal_uart.o
                0x00000000080040dc                HAL_UART_AbortReceive_IT
 .text.UART_DMARxOnlyAbortCallback
                0x0000000008004144       0x14 build/stm32f1xx_hal_uart.o
 .text.SystemInit
                0x0000000008004158       0x4c build/system_stm32f1xx.o
                0x0000000008004158                SystemInit
 .text.ResetESP
                0x00000000080041a4       0x5c build/ESPControl.o
                0x00000000080041a4                ResetESP
 .text.RxESP    0x0000000008004200       0xb0 build/ESPControl.o
                0x0000000008004200                RxESP
 .text.TxESP    0x00000000080042b0       0x58 build/ESPControl.o
                0x00000000080042b0                TxESP
 .text.InitRealTime
                0x0000000008004308       0x88 build/ESPControl.o
                0x0000000008004308                InitRealTime
 .text.lcd_send_cmd
                0x0000000008004390       0x48 build/i2c-lcd.o
                0x0000000008004390                lcd_send_cmd
 .text.lcd_send_data
                0x00000000080043d8       0x48 build/i2c-lcd.o
                0x00000000080043d8                lcd_send_data
 .text.lcd_clear
                0x0000000008004420       0x1a build/i2c-lcd.o
                0x0000000008004420                lcd_clear
 .text.lcd_put_cur
                0x000000000800443a       0x1c build/i2c-lcd.o
                0x000000000800443a                lcd_put_cur
 .text.lcd_init
                0x0000000008004456       0x7c build/i2c-lcd.o
                0x0000000008004456                lcd_init
 .text.lcd_send_string
                0x00000000080044d2       0x12 build/i2c-lcd.o
                0x00000000080044d2                lcd_send_string
 .text.scrollDiaplayLeft
                0x00000000080044e4        0xa build/i2c-lcd.o
                0x00000000080044e4                scrollDiaplayLeft
 .text.scrollDiaplayRight
                0x00000000080044ee        0xa build/i2c-lcd.o
                0x00000000080044ee                scrollDiaplayRight
 .text.setBacklightOff
                0x00000000080044f8       0x24 build/i2c-lcd.o
                0x00000000080044f8                setBacklightOff
 .text.StartMB  0x000000000800451c       0x14 build/ModbusRtu.o
                0x000000000800451c                StartMB
 .text.get_FC3  0x0000000008004530       0x2c build/ModbusRtu.o
                0x0000000008004530                get_FC3
 .text.getRxBuffer
                0x000000000800455c       0xc8 build/ModbusRtu.o
                0x000000000800455c                getRxBuffer
 .text.calcCRC  0x0000000008004624       0x48 build/ModbusRtu.o
                0x0000000008004624                calcCRC
 .text.sendTxBuffer
                0x000000000800466c       0x74 build/ModbusRtu.o
                0x000000000800466c                sendTxBuffer
 .text.MBGetQuery
                0x00000000080046e0       0x30 build/ModbusRtu.o
                0x00000000080046e0                MBGetQuery
 .text.setAlarm
                0x0000000008004710       0x94 build/controllerSleep.o
                0x0000000008004710                setAlarm
 .text.sleepEnd
                0x00000000080047a4       0xa4 build/controllerSleep.o
                0x00000000080047a4                sleepEnd
 .text.sleepBegin
                0x0000000008004848       0x70 build/controllerSleep.o
                0x0000000008004848                sleepBegin
 .text.Reset_Handler
                0x00000000080048b8       0x48 build/startup_stm32f103xb.o
                0x00000000080048b8                Reset_Handler
 .text.Default_Handler
                0x0000000008004900        0x2 build/startup_stm32f103xb.o
                0x0000000008004900                EXTI2_IRQHandler
                0x0000000008004900                TIM1_CC_IRQHandler
                0x0000000008004900                PVD_IRQHandler
                0x0000000008004900                EXTI0_IRQHandler
                0x0000000008004900                I2C2_EV_IRQHandler
                0x0000000008004900                ADC1_2_IRQHandler
                0x0000000008004900                SPI1_IRQHandler
                0x0000000008004900                TAMPER_IRQHandler
                0x0000000008004900                DMA1_Channel4_IRQHandler
                0x0000000008004900                RTC_IRQHandler
                0x0000000008004900                DMA1_Channel7_IRQHandler
                0x0000000008004900                CAN1_RX1_IRQHandler
                0x0000000008004900                I2C1_EV_IRQHandler
                0x0000000008004900                DMA1_Channel6_IRQHandler
                0x0000000008004900                RCC_IRQHandler
                0x0000000008004900                TIM1_TRG_COM_IRQHandler
                0x0000000008004900                DMA1_Channel1_IRQHandler
                0x0000000008004900                Default_Handler
                0x0000000008004900                EXTI15_10_IRQHandler
                0x0000000008004900                EXTI9_5_IRQHandler
                0x0000000008004900                SPI2_IRQHandler
                0x0000000008004900                DMA1_Channel5_IRQHandler
                0x0000000008004900                USB_LP_CAN1_RX0_IRQHandler
                0x0000000008004900                USB_HP_CAN1_TX_IRQHandler
                0x0000000008004900                DMA1_Channel3_IRQHandler
                0x0000000008004900                TIM1_UP_IRQHandler
                0x0000000008004900                WWDG_IRQHandler
                0x0000000008004900                TIM1_BRK_IRQHandler
                0x0000000008004900                EXTI1_IRQHandler
                0x0000000008004900                USART2_IRQHandler
                0x0000000008004900                I2C2_ER_IRQHandler
                0x0000000008004900                DMA1_Channel2_IRQHandler
                0x0000000008004900                CAN1_SCE_IRQHandler
                0x0000000008004900                FLASH_IRQHandler
                0x0000000008004900                I2C1_ER_IRQHandler
                0x0000000008004900                USBWakeUp_IRQHandler
 .text.atof     0x0000000008004902        0x6 c:/users/user/.vscode/extensions/buzzyelectronics.stm-helper-1.2.9/armgcc/bin/../lib/gcc/arm-none-eabi/9.2.1/../../../../arm-none-eabi/lib/thumb/v7-m/nofp\libc_nano.a(lib_a-atof.o)
                0x0000000008004902                atof
 .text.atoi     0x0000000008004908        0x8 c:/users/user/.vscode/extensions/buzzyelectronics.stm-helper-1.2.9/armgcc/bin/../lib/gcc/arm-none-eabi/9.2.1/../../../../arm-none-eabi/lib/thumb/v7-m/nofp\libc_nano.a(lib_a-atoi.o)
                0x0000000008004908                atoi
 .text.calloc   0x0000000008004910       0x10 c:/users/user/.vscode/extensions/buzzyelectronics.stm-helper-1.2.9/armgcc/bin/../lib/gcc/arm-none-eabi/9.2.1/../../../../arm-none-eabi/lib/thumb/v7-m/nofp\libc_nano.a(lib_a-calloc.o)
                0x0000000008004910                calloc
 .text.__libc_init_array
                0x0000000008004920       0x48 c:/users/user/.vscode/extensions/buzzyelectronics.stm-helper-1.2.9/armgcc/bin/../lib/gcc/arm-none-eabi/9.2.1/../../../../arm-none-eabi/lib/thumb/v7-m/nofp\libc_nano.a(lib_a-init.o)
                0x0000000008004920                __libc_init_array
 .text.malloc   0x0000000008004968       0x10 c:/users/user/.vscode/extensions/buzzyelectronics.stm-helper-1.2.9/armgcc/bin/../lib/gcc/arm-none-eabi/9.2.1/../../../../arm-none-eabi/lib/thumb/v7-m/nofp\libc_nano.a(lib_a-malloc.o)
                0x0000000008004968                malloc
 .text.free     0x0000000008004978       0x10 c:/users/user/.vscode/extensions/buzzyelectronics.stm-helper-1.2.9/armgcc/bin/../lib/gcc/arm-none-eabi/9.2.1/../../../../arm-none-eabi/lib/thumb/v7-m/nofp\libc_nano.a(lib_a-malloc.o)
                0x0000000008004978                free
 .text.memmove  0x0000000008004988       0x34 c:/users/user/.vscode/extensions/buzzyelectronics.stm-helper-1.2.9/armgcc/bin/../lib/gcc/arm-none-eabi/9.2.1/../../../../arm-none-eabi/lib/thumb/v7-m/nofp\libc_nano.a(lib_a-memmove.o)
                0x0000000008004988                memmove
 .text.memset   0x00000000080049bc       0x10 c:/users/user/.vscode/extensions/buzzyelectronics.stm-helper-1.2.9/armgcc/bin/../lib/gcc/arm-none-eabi/9.2.1/../../../../arm-none-eabi/lib/thumb/v7-m/nofp\libc_nano.a(lib_a-memset.o)
                0x00000000080049bc                memset
 .text._calloc_r
                0x00000000080049cc       0x1c c:/users/user/.vscode/extensions/buzzyelectronics.stm-helper-1.2.9/armgcc/bin/../lib/gcc/arm-none-eabi/9.2.1/../../../../arm-none-eabi/lib/thumb/v7-m/nofp\libc_nano.a(lib_a-nano-callocr.o)
                0x00000000080049cc                _calloc_r
 .text._free_r  0x00000000080049e8       0x98 c:/users/user/.vscode/extensions/buzzyelectronics.stm-helper-1.2.9/armgcc/bin/../lib/gcc/arm-none-eabi/9.2.1/../../../../arm-none-eabi/lib/thumb/v7-m/nofp\libc_nano.a(lib_a-nano-freer.o)
                0x00000000080049e8                _free_r
 .text._malloc_r
                0x0000000008004a80       0xb4 c:/users/user/.vscode/extensions/buzzyelectronics.stm-helper-1.2.9/armgcc/bin/../lib/gcc/arm-none-eabi/9.2.1/../../../../arm-none-eabi/lib/thumb/v7-m/nofp\libc_nano.a(lib_a-nano-mallocr.o)
                0x0000000008004a80                _malloc_r
 .text.__cvt    0x0000000008004b34       0xbe c:/users/user/.vscode/extensions/buzzyelectronics.stm-helper-1.2.9/armgcc/bin/../lib/gcc/arm-none-eabi/9.2.1/../../../../arm-none-eabi/lib/thumb/v7-m/nofp\libc_nano.a(lib_a-nano-vfprintf_float.o)
                0x0000000008004b34                __cvt
 .text.__exponent
                0x0000000008004bf2       0x7c c:/users/user/.vscode/extensions/buzzyelectronics.stm-helper-1.2.9/armgcc/bin/../lib/gcc/arm-none-eabi/9.2.1/../../../../arm-none-eabi/lib/thumb/v7-m/nofp\libc_nano.a(lib_a-nano-vfprintf_float.o)
                0x0000000008004bf2                __exponent
 *fill*         0x0000000008004c6e        0x2 
 .text._printf_float
                0x0000000008004c70      0x458 c:/users/user/.vscode/extensions/buzzyelectronics.stm-helper-1.2.9/armgcc/bin/../lib/gcc/arm-none-eabi/9.2.1/../../../../arm-none-eabi/lib/thumb/v7-m/nofp\libc_nano.a(lib_a-nano-vfprintf_float.o)
                0x0000000008004c70                _printf_float
 .text._printf_common
                0x00000000080050c8       0xde c:/users/user/.vscode/extensions/buzzyelectronics.stm-helper-1.2.9/armgcc/bin/../lib/gcc/arm-none-eabi/9.2.1/../../../../arm-none-eabi/lib/thumb/v7-m/nofp\libc_nano.a(lib_a-nano-vfprintf_i.o)
                0x00000000080050c8                _printf_common
 *fill*         0x00000000080051a6        0x2 
 .text._printf_i
                0x00000000080051a8      0x24c c:/users/user/.vscode/extensions/buzzyelectronics.stm-helper-1.2.9/armgcc/bin/../lib/gcc/arm-none-eabi/9.2.1/../../../../arm-none-eabi/lib/thumb/v7-m/nofp\libc_nano.a(lib_a-nano-vfprintf_i.o)
                0x00000000080051a8                _printf_i
 .text._sbrk_r  0x00000000080053f4       0x20 c:/users/user/.vscode/extensions/buzzyelectronics.stm-helper-1.2.9/armgcc/bin/../lib/gcc/arm-none-eabi/9.2.1/../../../../arm-none-eabi/lib/thumb/v7-m/nofp\libc_nano.a(lib_a-sbrkr.o)
                0x00000000080053f4                _sbrk_r
 .text.snprintf
                0x0000000008005414       0x68 c:/users/user/.vscode/extensions/buzzyelectronics.stm-helper-1.2.9/armgcc/bin/../lib/gcc/arm-none-eabi/9.2.1/../../../../arm-none-eabi/lib/thumb/v7-m/nofp\libc_nano.a(lib_a-snprintf.o)
                0x0000000008005414                sniprintf
                0x0000000008005414                snprintf
 .text.sprintf  0x000000000800547c       0x40 c:/users/user/.vscode/extensions/buzzyelectronics.stm-helper-1.2.9/armgcc/bin/../lib/gcc/arm-none-eabi/9.2.1/../../../../arm-none-eabi/lib/thumb/v7-m/nofp\libc_nano.a(lib_a-sprintf.o)
                0x000000000800547c                siprintf
                0x000000000800547c                sprintf
 .text.strcat   0x00000000080054bc       0x1e c:/users/user/.vscode/extensions/buzzyelectronics.stm-helper-1.2.9/armgcc/bin/../lib/gcc/arm-none-eabi/9.2.1/../../../../arm-none-eabi/lib/thumb/v7-m/nofp\libc_nano.a(lib_a-strcat.o)
                0x00000000080054bc                strcat
 .text.strcpy   0x00000000080054da       0x10 c:/users/user/.vscode/extensions/buzzyelectronics.stm-helper-1.2.9/armgcc/bin/../lib/gcc/arm-none-eabi/9.2.1/../../../../arm-none-eabi/lib/thumb/v7-m/nofp\libc_nano.a(lib_a-strcpy.o)
                0x00000000080054da                strcpy
 .text.strstr   0x00000000080054ea       0x2e c:/users/user/.vscode/extensions/buzzyelectronics.stm-helper-1.2.9/armgcc/bin/../lib/gcc/arm-none-eabi/9.2.1/../../../../arm-none-eabi/lib/thumb/v7-m/nofp\libc_nano.a(lib_a-strstr.o)
                0x00000000080054ea                strstr
 .text.sulp     0x0000000008005518       0x42 c:/users/user/.vscode/extensions/buzzyelectronics.stm-helper-1.2.9/armgcc/bin/../lib/gcc/arm-none-eabi/9.2.1/../../../../arm-none-eabi/lib/thumb/v7-m/nofp\libc_nano.a(lib_a-strtod.o)
 *fill*         0x000000000800555a        0x6 
 .text._strtod_l
                0x0000000008005560      0xbe8 c:/users/user/.vscode/extensions/buzzyelectronics.stm-helper-1.2.9/armgcc/bin/../lib/gcc/arm-none-eabi/9.2.1/../../../../arm-none-eabi/lib/thumb/v7-m/nofp\libc_nano.a(lib_a-strtod.o)
                0x0000000008005560                _strtod_l
 .text.strtod   0x0000000008006148       0x18 c:/users/user/.vscode/extensions/buzzyelectronics.stm-helper-1.2.9/armgcc/bin/../lib/gcc/arm-none-eabi/9.2.1/../../../../arm-none-eabi/lib/thumb/v7-m/nofp\libc_nano.a(lib_a-strtod.o)
                0x0000000008006148                strtod
 .text.strtok   0x0000000008006160       0x54 c:/users/user/.vscode/extensions/buzzyelectronics.stm-helper-1.2.9/armgcc/bin/../lib/gcc/arm-none-eabi/9.2.1/../../../../arm-none-eabi/lib/thumb/v7-m/nofp\libc_nano.a(lib_a-strtok.o)
                0x0000000008006160                strtok
 .text.__strtok_r
                0x00000000080061b4       0x50 c:/users/user/.vscode/extensions/buzzyelectronics.stm-helper-1.2.9/armgcc/bin/../lib/gcc/arm-none-eabi/9.2.1/../../../../arm-none-eabi/lib/thumb/v7-m/nofp\libc_nano.a(lib_a-strtok_r.o)
                0x00000000080061b4                __strtok_r
 .text._strtol_l.isra.0
                0x0000000008006204       0xf4 c:/users/user/.vscode/extensions/buzzyelectronics.stm-helper-1.2.9/armgcc/bin/../lib/gcc/arm-none-eabi/9.2.1/../../../../arm-none-eabi/lib/thumb/v7-m/nofp\libc_nano.a(lib_a-strtol.o)
 .text.strtol   0x00000000080062f8       0x14 c:/users/user/.vscode/extensions/buzzyelectronics.stm-helper-1.2.9/armgcc/bin/../lib/gcc/arm-none-eabi/9.2.1/../../../../arm-none-eabi/lib/thumb/v7-m/nofp\libc_nano.a(lib_a-strtol.o)
                0x00000000080062f8                strtol
 .text.quorem   0x000000000800630c      0x11a c:/users/user/.vscode/extensions/buzzyelectronics.stm-helper-1.2.9/armgcc/bin/../lib/gcc/arm-none-eabi/9.2.1/../../../../arm-none-eabi/lib/thumb/v7-m/nofp\libc_nano.a(lib_a-dtoa.o)
 *fill*         0x0000000008006426        0x2 
 .text._dtoa_r  0x0000000008006428      0xba4 c:/users/user/.vscode/extensions/buzzyelectronics.stm-helper-1.2.9/armgcc/bin/../lib/gcc/arm-none-eabi/9.2.1/../../../../arm-none-eabi/lib/thumb/v7-m/nofp\libc_nano.a(lib_a-dtoa.o)
                0x0000000008006428                _dtoa_r
 .text.rshift   0x0000000008006fcc       0xa6 c:/users/user/.vscode/extensions/buzzyelectronics.stm-helper-1.2.9/armgcc/bin/../lib/gcc/arm-none-eabi/9.2.1/../../../../arm-none-eabi/lib/thumb/v7-m/nofp\libc_nano.a(lib_a-gdtoa-gethex.o)
 .text.__hexdig_fun
                0x0000000008007072       0x2a c:/users/user/.vscode/extensions/buzzyelectronics.stm-helper-1.2.9/armgcc/bin/../lib/gcc/arm-none-eabi/9.2.1/../../../../arm-none-eabi/lib/thumb/v7-m/nofp\libc_nano.a(lib_a-gdtoa-gethex.o)
                0x0000000008007072                __hexdig_fun
 .text.__gethex
                0x000000000800709c      0x454 c:/users/user/.vscode/extensions/buzzyelectronics.stm-helper-1.2.9/armgcc/bin/../lib/gcc/arm-none-eabi/9.2.1/../../../../arm-none-eabi/lib/thumb/v7-m/nofp\libc_nano.a(lib_a-gdtoa-gethex.o)
                0x000000000800709c                __gethex
 .text.L_shift  0x00000000080074f0       0x24 c:/users/user/.vscode/extensions/buzzyelectronics.stm-helper-1.2.9/armgcc/bin/../lib/gcc/arm-none-eabi/9.2.1/../../../../arm-none-eabi/lib/thumb/v7-m/nofp\libc_nano.a(lib_a-gdtoa-hexnan.o)
 .text.__match  0x0000000008007514       0x28 c:/users/user/.vscode/extensions/buzzyelectronics.stm-helper-1.2.9/armgcc/bin/../lib/gcc/arm-none-eabi/9.2.1/../../../../arm-none-eabi/lib/thumb/v7-m/nofp\libc_nano.a(lib_a-gdtoa-hexnan.o)
                0x0000000008007514                __match
 .text.__hexnan
                0x000000000800753c      0x138 c:/users/user/.vscode/extensions/buzzyelectronics.stm-helper-1.2.9/armgcc/bin/../lib/gcc/arm-none-eabi/9.2.1/../../../../arm-none-eabi/lib/thumb/v7-m/nofp\libc_nano.a(lib_a-gdtoa-hexnan.o)
                0x000000000800753c                __hexnan
 .text._localeconv_r
                0x0000000008007674        0x8 c:/users/user/.vscode/extensions/buzzyelectronics.stm-helper-1.2.9/armgcc/bin/../lib/gcc/arm-none-eabi/9.2.1/../../../../arm-none-eabi/lib/thumb/v7-m/nofp\libc_nano.a(lib_a-localeconv.o)
                0x0000000008007674                _localeconv_r
 .text.__ascii_mbtowc
                0x000000000800767c       0x24 c:/users/user/.vscode/extensions/buzzyelectronics.stm-helper-1.2.9/armgcc/bin/../lib/gcc/arm-none-eabi/9.2.1/../../../../arm-none-eabi/lib/thumb/v7-m/nofp\libc_nano.a(lib_a-mbtowc_r.o)
                0x000000000800767c                __ascii_mbtowc
 .text.memchr   0x00000000080076a0       0x1c c:/users/user/.vscode/extensions/buzzyelectronics.stm-helper-1.2.9/armgcc/bin/../lib/gcc/arm-none-eabi/9.2.1/../../../../arm-none-eabi/lib/thumb/v7-m/nofp\libc_nano.a(lib_a-memchr-stub.o)
                0x00000000080076a0                memchr
 .text.memcpy   0x00000000080076bc       0x1c c:/users/user/.vscode/extensions/buzzyelectronics.stm-helper-1.2.9/armgcc/bin/../lib/gcc/arm-none-eabi/9.2.1/../../../../arm-none-eabi/lib/thumb/v7-m/nofp\libc_nano.a(lib_a-memcpy-stub.o)
                0x00000000080076bc                memcpy
 .text.__malloc_lock
                0x00000000080076d8        0xc c:/users/user/.vscode/extensions/buzzyelectronics.stm-helper-1.2.9/armgcc/bin/../lib/gcc/arm-none-eabi/9.2.1/../../../../arm-none-eabi/lib/thumb/v7-m/nofp\libc_nano.a(lib_a-mlock.o)
                0x00000000080076d8                __malloc_lock
 .text.__malloc_unlock
                0x00000000080076e4        0xc c:/users/user/.vscode/extensions/buzzyelectronics.stm-helper-1.2.9/armgcc/bin/../lib/gcc/arm-none-eabi/9.2.1/../../../../arm-none-eabi/lib/thumb/v7-m/nofp\libc_nano.a(lib_a-mlock.o)
                0x00000000080076e4                __malloc_unlock
 .text._Balloc  0x00000000080076f0       0x68 c:/users/user/.vscode/extensions/buzzyelectronics.stm-helper-1.2.9/armgcc/bin/../lib/gcc/arm-none-eabi/9.2.1/../../../../arm-none-eabi/lib/thumb/v7-m/nofp\libc_nano.a(lib_a-mprec.o)
                0x00000000080076f0                _Balloc
 .text._Bfree   0x0000000008007758       0x2e c:/users/user/.vscode/extensions/buzzyelectronics.stm-helper-1.2.9/armgcc/bin/../lib/gcc/arm-none-eabi/9.2.1/../../../../arm-none-eabi/lib/thumb/v7-m/nofp\libc_nano.a(lib_a-mprec.o)
                0x0000000008007758                _Bfree
 .text.__multadd
                0x0000000008007786       0x7c c:/users/user/.vscode/extensions/buzzyelectronics.stm-helper-1.2.9/armgcc/bin/../lib/gcc/arm-none-eabi/9.2.1/../../../../arm-none-eabi/lib/thumb/v7-m/nofp\libc_nano.a(lib_a-mprec.o)
                0x0000000008007786                __multadd
 .text.__s2b    0x0000000008007802       0x7c c:/users/user/.vscode/extensions/buzzyelectronics.stm-helper-1.2.9/armgcc/bin/../lib/gcc/arm-none-eabi/9.2.1/../../../../arm-none-eabi/lib/thumb/v7-m/nofp\libc_nano.a(lib_a-mprec.o)
                0x0000000008007802                __s2b
 .text.__hi0bits
                0x000000000800787e       0x40 c:/users/user/.vscode/extensions/buzzyelectronics.stm-helper-1.2.9/armgcc/bin/../lib/gcc/arm-none-eabi/9.2.1/../../../../arm-none-eabi/lib/thumb/v7-m/nofp\libc_nano.a(lib_a-mprec.o)
                0x000000000800787e                __hi0bits
 .text.__lo0bits
                0x00000000080078be       0x5c c:/users/user/.vscode/extensions/buzzyelectronics.stm-helper-1.2.9/armgcc/bin/../lib/gcc/arm-none-eabi/9.2.1/../../../../arm-none-eabi/lib/thumb/v7-m/nofp\libc_nano.a(lib_a-mprec.o)
                0x00000000080078be                __lo0bits
 .text.__i2b    0x000000000800791a       0x12 c:/users/user/.vscode/extensions/buzzyelectronics.stm-helper-1.2.9/armgcc/bin/../lib/gcc/arm-none-eabi/9.2.1/../../../../arm-none-eabi/lib/thumb/v7-m/nofp\libc_nano.a(lib_a-mprec.o)
                0x000000000800791a                __i2b
 .text.__multiply
                0x000000000800792c      0x136 c:/users/user/.vscode/extensions/buzzyelectronics.stm-helper-1.2.9/armgcc/bin/../lib/gcc/arm-none-eabi/9.2.1/../../../../arm-none-eabi/lib/thumb/v7-m/nofp\libc_nano.a(lib_a-mprec.o)
                0x000000000800792c                __multiply
 *fill*         0x0000000008007a62        0x2 
 .text.__pow5mult
                0x0000000008007a64       0x9c c:/users/user/.vscode/extensions/buzzyelectronics.stm-helper-1.2.9/armgcc/bin/../lib/gcc/arm-none-eabi/9.2.1/../../../../arm-none-eabi/lib/thumb/v7-m/nofp\libc_nano.a(lib_a-mprec.o)
                0x0000000008007a64                __pow5mult
 .text.__lshift
                0x0000000008007b00       0xbe c:/users/user/.vscode/extensions/buzzyelectronics.stm-helper-1.2.9/armgcc/bin/../lib/gcc/arm-none-eabi/9.2.1/../../../../arm-none-eabi/lib/thumb/v7-m/nofp\libc_nano.a(lib_a-mprec.o)
                0x0000000008007b00                __lshift
 .text.__mcmp   0x0000000008007bbe       0x36 c:/users/user/.vscode/extensions/buzzyelectronics.stm-helper-1.2.9/armgcc/bin/../lib/gcc/arm-none-eabi/9.2.1/../../../../arm-none-eabi/lib/thumb/v7-m/nofp\libc_nano.a(lib_a-mprec.o)
                0x0000000008007bbe                __mcmp
 .text.__mdiff  0x0000000008007bf4       0xf8 c:/users/user/.vscode/extensions/buzzyelectronics.stm-helper-1.2.9/armgcc/bin/../lib/gcc/arm-none-eabi/9.2.1/../../../../arm-none-eabi/lib/thumb/v7-m/nofp\libc_nano.a(lib_a-mprec.o)
                0x0000000008007bf4                __mdiff
 .text.__ulp    0x0000000008007cec       0x4c c:/users/user/.vscode/extensions/buzzyelectronics.stm-helper-1.2.9/armgcc/bin/../lib/gcc/arm-none-eabi/9.2.1/../../../../arm-none-eabi/lib/thumb/v7-m/nofp\libc_nano.a(lib_a-mprec.o)
                0x0000000008007cec                __ulp
 .text.__b2d    0x0000000008007d38       0xa8 c:/users/user/.vscode/extensions/buzzyelectronics.stm-helper-1.2.9/armgcc/bin/../lib/gcc/arm-none-eabi/9.2.1/../../../../arm-none-eabi/lib/thumb/v7-m/nofp\libc_nano.a(lib_a-mprec.o)
                0x0000000008007d38                __b2d
 .text.__d2b    0x0000000008007de0       0x9e c:/users/user/.vscode/extensions/buzzyelectronics.stm-helper-1.2.9/armgcc/bin/../lib/gcc/arm-none-eabi/9.2.1/../../../../arm-none-eabi/lib/thumb/v7-m/nofp\libc_nano.a(lib_a-mprec.o)
                0x0000000008007de0                __d2b
 .text.__ratio  0x0000000008007e7e       0x5c c:/users/user/.vscode/extensions/buzzyelectronics.stm-helper-1.2.9/armgcc/bin/../lib/gcc/arm-none-eabi/9.2.1/../../../../arm-none-eabi/lib/thumb/v7-m/nofp\libc_nano.a(lib_a-mprec.o)
                0x0000000008007e7e                __ratio
 .text.__copybits
                0x0000000008007eda       0x46 c:/users/user/.vscode/extensions/buzzyelectronics.stm-helper-1.2.9/armgcc/bin/../lib/gcc/arm-none-eabi/9.2.1/../../../../arm-none-eabi/lib/thumb/v7-m/nofp\libc_nano.a(lib_a-mprec.o)
                0x0000000008007eda                __copybits
 .text.__any_on
                0x0000000008007f20       0x42 c:/users/user/.vscode/extensions/buzzyelectronics.stm-helper-1.2.9/armgcc/bin/../lib/gcc/arm-none-eabi/9.2.1/../../../../arm-none-eabi/lib/thumb/v7-m/nofp\libc_nano.a(lib_a-mprec.o)
                0x0000000008007f20                __any_on
 .text.__ssputs_r
                0x0000000008007f62       0xb6 c:/users/user/.vscode/extensions/buzzyelectronics.stm-helper-1.2.9/armgcc/bin/../lib/gcc/arm-none-eabi/9.2.1/../../../../arm-none-eabi/lib/thumb/v7-m/nofp\libc_nano.a(lib_a-nano-svfprintf.o)
                0x0000000008007f62                __ssputs_r
 .text._svfprintf_r
                0x0000000008008018      0x200 c:/users/user/.vscode/extensions/buzzyelectronics.stm-helper-1.2.9/armgcc/bin/../lib/gcc/arm-none-eabi/9.2.1/../../../../arm-none-eabi/lib/thumb/v7-m/nofp\libc_nano.a(lib_a-nano-svfprintf.o)
                0x0000000008008018                _svfiprintf_r
                0x0000000008008018                _svfprintf_r
 .text.nan      0x0000000008008218        0xc c:/users/user/.vscode/extensions/buzzyelectronics.stm-helper-1.2.9/armgcc/bin/../lib/gcc/arm-none-eabi/9.2.1/../../../../arm-none-eabi/lib/thumb/v7-m/nofp\libc_nano.a(lib_a-s_nan.o)
                0x0000000008008218                nan
 .text.strncmp  0x0000000008008224       0x24 c:/users/user/.vscode/extensions/buzzyelectronics.stm-helper-1.2.9/armgcc/bin/../lib/gcc/arm-none-eabi/9.2.1/../../../../arm-none-eabi/lib/thumb/v7-m/nofp\libc_nano.a(lib_a-strncmp.o)
                0x0000000008008224                strncmp
 .text.__ascii_wctomb
                0x0000000008008248       0x1a c:/users/user/.vscode/extensions/buzzyelectronics.stm-helper-1.2.9/armgcc/bin/../lib/gcc/arm-none-eabi/9.2.1/../../../../arm-none-eabi/lib/thumb/v7-m/nofp\libc_nano.a(lib_a-wctomb_r.o)
                0x0000000008008248                __ascii_wctomb
 .text.__retarget_lock_acquire_recursive
                0x0000000008008262        0x2 c:/users/user/.vscode/extensions/buzzyelectronics.stm-helper-1.2.9/armgcc/bin/../lib/gcc/arm-none-eabi/9.2.1/../../../../arm-none-eabi/lib/thumb/v7-m/nofp\libc_nano.a(lib_a-lock.o)
                0x0000000008008262                __retarget_lock_acquire_recursive
 .text.__retarget_lock_release_recursive
                0x0000000008008264        0x2 c:/users/user/.vscode/extensions/buzzyelectronics.stm-helper-1.2.9/armgcc/bin/../lib/gcc/arm-none-eabi/9.2.1/../../../../arm-none-eabi/lib/thumb/v7-m/nofp\libc_nano.a(lib_a-lock.o)
                0x0000000008008264                __retarget_lock_release_recursive
 .text._realloc_r
                0x0000000008008266       0x4c c:/users/user/.vscode/extensions/buzzyelectronics.stm-helper-1.2.9/armgcc/bin/../lib/gcc/arm-none-eabi/9.2.1/../../../../arm-none-eabi/lib/thumb/v7-m/nofp\libc_nano.a(lib_a-nano-reallocr.o)
                0x0000000008008266                _realloc_r
 .text._malloc_usable_size_r
                0x00000000080082b2       0x10 c:/users/user/.vscode/extensions/buzzyelectronics.stm-helper-1.2.9/armgcc/bin/../lib/gcc/arm-none-eabi/9.2.1/../../../../arm-none-eabi/lib/thumb/v7-m/nofp\libc_nano.a(lib_a-nano-msizer.o)
                0x00000000080082b2                _malloc_usable_size_r
 *fill*         0x00000000080082c2        0x2 
 .text._sbrk    0x00000000080082c4       0x1c c:/users/user/.vscode/extensions/buzzyelectronics.stm-helper-1.2.9/armgcc/bin/../lib/gcc/arm-none-eabi/9.2.1/../../../../arm-none-eabi/lib/thumb/v7-m/nofp\libnosys.a(sbrk.o)
                0x00000000080082c4                _sbrk
 .text.__fixdfdi
                0x00000000080082e0       0x34 c:/users/user/.vscode/extensions/buzzyelectronics.stm-helper-1.2.9/armgcc/bin/../lib/gcc/arm-none-eabi/9.2.1/thumb/v7-m/nofp\libgcc.a(_fixdfdi.o)
                0x00000000080082e0                __fixdfdi
                0x00000000080082e0                __aeabi_d2lz
 .text.__fixunsdfdi
                0x0000000008008314       0x3c c:/users/user/.vscode/extensions/buzzyelectronics.stm-helper-1.2.9/armgcc/bin/../lib/gcc/arm-none-eabi/9.2.1/thumb/v7-m/nofp\libgcc.a(_fixunsdfdi.o)
                0x0000000008008314                __fixunsdfdi
                0x0000000008008314                __aeabi_d2ulz
 *(.glue_7)
 .glue_7        0x0000000008008350        0x0 linker stubs
 *(.glue_7t)
 .glue_7t       0x0000000008008350        0x0 linker stubs
 *(.eh_frame)
 .eh_frame      0x0000000008008350        0x0 c:/users/user/.vscode/extensions/buzzyelectronics.stm-helper-1.2.9/armgcc/bin/../lib/gcc/arm-none-eabi/9.2.1/thumb/v7-m/nofp/crtbegin.o
 *(.init)
 .init          0x0000000008008350        0x4 c:/users/user/.vscode/extensions/buzzyelectronics.stm-helper-1.2.9/armgcc/bin/../lib/gcc/arm-none-eabi/9.2.1/thumb/v7-m/nofp/crti.o
                0x0000000008008350                _init
 .init          0x0000000008008354        0x8 c:/users/user/.vscode/extensions/buzzyelectronics.stm-helper-1.2.9/armgcc/bin/../lib/gcc/arm-none-eabi/9.2.1/thumb/v7-m/nofp/crtn.o
 *(.fini)
 .fini          0x000000000800835c        0x4 c:/users/user/.vscode/extensions/buzzyelectronics.stm-helper-1.2.9/armgcc/bin/../lib/gcc/arm-none-eabi/9.2.1/thumb/v7-m/nofp/crti.o
                0x000000000800835c                _fini
 .fini          0x0000000008008360        0x8 c:/users/user/.vscode/extensions/buzzyelectronics.stm-helper-1.2.9/armgcc/bin/../lib/gcc/arm-none-eabi/9.2.1/thumb/v7-m/nofp/crtn.o
                0x0000000008008368                . = ALIGN (0x4)
                0x0000000008008368                _etext = .

.vfp11_veneer   0x0000000008008368        0x0
 .vfp11_veneer  0x0000000008008368        0x0 linker stubs

.v4_bx          0x0000000008008368        0x0
 .v4_bx         0x0000000008008368        0x0 linker stubs

.iplt           0x0000000008008368        0x0
 .iplt          0x0000000008008368        0x0 c:/users/user/.vscode/extensions/buzzyelectronics.stm-helper-1.2.9/armgcc/bin/../lib/gcc/arm-none-eabi/9.2.1/thumb/v7-m/nofp/crtbegin.o

.rodata         0x0000000008008368      0x3f8
                0x0000000008008368                . = ALIGN (0x4)
 *(.rodata)
 .rodata        0x0000000008008368        0xa build/main.o
 *fill*         0x0000000008008372        0x2 
 .rodata        0x0000000008008374       0x1b build/controllerSleep.o
 *(.rodata*)
 *fill*         0x000000000800838f        0x1 
 .rodata.LoadingScreen.str1.4
                0x0000000008008390        0xb build/main.o
 *fill*         0x000000000800839b        0x1 
 .rodata.DayChangeLCD.str1.4
                0x000000000800839c       0x10 build/main.o
                                         0x14 (size before relaxing)
 .rodata.AddException.str1.4
                0x00000000080083ac        0x7 build/main.o
 *fill*         0x00000000080083b3        0x1 
 .rodata.sendEnergyDelta.str1.4
                0x00000000080083b4       0x12 build/main.o
 *fill*         0x00000000080083c6        0x2 
 .rodata.DataRequest.str1.4
                0x00000000080083c8        0x6 build/main.o
 *fill*         0x00000000080083ce        0x2 
 .rodata.main.str1.4
                0x00000000080083d0       0x20 build/main.o
 .rodata.HAL_GPIO_EXTI_Callback.str1.4
                0x00000000080083f0        0x2 build/main.o
 *fill*         0x00000000080083f2        0x2 
 .rodata.ElementsUnits
                0x00000000080083f4       0x18 build/main.o
                0x00000000080083f4                ElementsUnits
 .rodata.MenuElements
                0x000000000800840c       0x40 build/main.o
                0x000000000800840c                MenuElements
 .rodata.HAL_RCC_GetSysClockFreq.str1.4
                0x000000000800844c       0x11 build/stm32f1xx_hal_rcc.o
 .rodata.HAL_RCCEx_GetPeriphCLKFreq.str1.4
                0x000000000800845d       0x11 build/stm32f1xx_hal_rcc_ex.o
 *fill*         0x000000000800845d        0x3 
 .rodata.AHBPrescTable
                0x0000000008008460       0x10 build/system_stm32f1xx.o
                0x0000000008008460                AHBPrescTable
 .rodata.APBPrescTable
                0x0000000008008470        0x8 build/system_stm32f1xx.o
                0x0000000008008470                APBPrescTable
 .rodata.ResetESP.str1.4
                0x0000000008008478        0x8 build/ESPControl.o
 .rodata.RxESP.str1.4
                0x0000000008008480        0xf build/ESPControl.o
 .rodata.TxESP.str1.4
                0x000000000800848f        0x2 build/ESPControl.o
 *fill*         0x000000000800848f        0x1 
 .rodata.InitRealTime.str1.4
                0x0000000008008490        0x2 build/ESPControl.o
                                          0xa (size before relaxing)
 *fill*         0x0000000008008492        0x2 
 .rodata.getRxBuffer.str1.4
                0x0000000008008494        0x3 build/ModbusRtu.o
 *fill*         0x0000000008008497        0x1 
 .rodata.sleepEnd.str1.4
                0x0000000008008498        0x6 build/controllerSleep.o
 .rodata._printf_float.str1.1
                0x000000000800849e       0x12 c:/users/user/.vscode/extensions/buzzyelectronics.stm-helper-1.2.9/armgcc/bin/../lib/gcc/arm-none-eabi/9.2.1/../../../../arm-none-eabi/lib/thumb/v7-m/nofp\libc_nano.a(lib_a-nano-vfprintf_float.o)
 .rodata._printf_i.str1.1
                0x00000000080084b0       0x22 c:/users/user/.vscode/extensions/buzzyelectronics.stm-helper-1.2.9/armgcc/bin/../lib/gcc/arm-none-eabi/9.2.1/../../../../arm-none-eabi/lib/thumb/v7-m/nofp\libc_nano.a(lib_a-nano-vfprintf_i.o)
 .rodata._strtod_l.str1.1
                0x00000000080084d2       0x22 c:/users/user/.vscode/extensions/buzzyelectronics.stm-helper-1.2.9/armgcc/bin/../lib/gcc/arm-none-eabi/9.2.1/../../../../arm-none-eabi/lib/thumb/v7-m/nofp\libc_nano.a(lib_a-strtod.o)
                                          0xd (size before relaxing)
 *fill*         0x00000000080084d2        0x2 
 .rodata.fpi.6203
                0x00000000080084d4       0x14 c:/users/user/.vscode/extensions/buzzyelectronics.stm-helper-1.2.9/armgcc/bin/../lib/gcc/arm-none-eabi/9.2.1/../../../../arm-none-eabi/lib/thumb/v7-m/nofp\libc_nano.a(lib_a-strtod.o)
 .rodata.fpinan.6239
                0x00000000080084e8       0x14 c:/users/user/.vscode/extensions/buzzyelectronics.stm-helper-1.2.9/armgcc/bin/../lib/gcc/arm-none-eabi/9.2.1/../../../../arm-none-eabi/lib/thumb/v7-m/nofp\libc_nano.a(lib_a-strtod.o)
 *fill*         0x00000000080084fc        0x4 
 .rodata.tinytens
                0x0000000008008500       0x28 c:/users/user/.vscode/extensions/buzzyelectronics.stm-helper-1.2.9/armgcc/bin/../lib/gcc/arm-none-eabi/9.2.1/../../../../arm-none-eabi/lib/thumb/v7-m/nofp\libc_nano.a(lib_a-strtod.o)
 .rodata._ctype_
                0x0000000008008528      0x101 c:/users/user/.vscode/extensions/buzzyelectronics.stm-helper-1.2.9/armgcc/bin/../lib/gcc/arm-none-eabi/9.2.1/../../../../arm-none-eabi/lib/thumb/v7-m/nofp\libc_nano.a(lib_a-ctype_.o)
                0x0000000008008528                _ctype_
 .rodata._dtoa_r.str1.1
                0x0000000008008629        0xd c:/users/user/.vscode/extensions/buzzyelectronics.stm-helper-1.2.9/armgcc/bin/../lib/gcc/arm-none-eabi/9.2.1/../../../../arm-none-eabi/lib/thumb/v7-m/nofp\libc_nano.a(lib_a-dtoa.o)
                                          0xf (size before relaxing)
 .rodata.str1.1
                0x0000000008008636        0x2 c:/users/user/.vscode/extensions/buzzyelectronics.stm-helper-1.2.9/armgcc/bin/../lib/gcc/arm-none-eabi/9.2.1/../../../../arm-none-eabi/lib/thumb/v7-m/nofp\libc_nano.a(lib_a-lnumeric.o)
                                          0x3 (size before relaxing)
 .rodata._C_numeric_locale
                0x0000000008008638        0xc c:/users/user/.vscode/extensions/buzzyelectronics.stm-helper-1.2.9/armgcc/bin/../lib/gcc/arm-none-eabi/9.2.1/../../../../arm-none-eabi/lib/thumb/v7-m/nofp\libc_nano.a(lib_a-lnumeric.o)
                0x0000000008008638                _C_numeric_locale
 .rodata._setlocale_r.str1.1
                0x0000000008008644        0x8 c:/users/user/.vscode/extensions/buzzyelectronics.stm-helper-1.2.9/armgcc/bin/../lib/gcc/arm-none-eabi/9.2.1/../../../../arm-none-eabi/lib/thumb/v7-m/nofp\libc_nano.a(lib_a-locale.o)
                                          0x9 (size before relaxing)
 .rodata.str1.1
                0x000000000800864c        0x2 c:/users/user/.vscode/extensions/buzzyelectronics.stm-helper-1.2.9/armgcc/bin/../lib/gcc/arm-none-eabi/9.2.1/../../../../arm-none-eabi/lib/thumb/v7-m/nofp\libc_nano.a(lib_a-locale.o)
 *fill*         0x000000000800864c        0x4 
 .rodata.__mprec_bigtens
                0x0000000008008650       0x28 c:/users/user/.vscode/extensions/buzzyelectronics.stm-helper-1.2.9/armgcc/bin/../lib/gcc/arm-none-eabi/9.2.1/../../../../arm-none-eabi/lib/thumb/v7-m/nofp\libc_nano.a(lib_a-mprec.o)
                0x0000000008008650                __mprec_bigtens
 .rodata.__mprec_tens
                0x0000000008008678       0xc8 c:/users/user/.vscode/extensions/buzzyelectronics.stm-helper-1.2.9/armgcc/bin/../lib/gcc/arm-none-eabi/9.2.1/../../../../arm-none-eabi/lib/thumb/v7-m/nofp\libc_nano.a(lib_a-mprec.o)
                0x0000000008008678                __mprec_tens
 .rodata.p05.6127
                0x0000000008008740        0xc c:/users/user/.vscode/extensions/buzzyelectronics.stm-helper-1.2.9/armgcc/bin/../lib/gcc/arm-none-eabi/9.2.1/../../../../arm-none-eabi/lib/thumb/v7-m/nofp\libc_nano.a(lib_a-mprec.o)
 .rodata._svfprintf_r.str1.1
                0x000000000800874c       0x11 c:/users/user/.vscode/extensions/buzzyelectronics.stm-helper-1.2.9/armgcc/bin/../lib/gcc/arm-none-eabi/9.2.1/../../../../arm-none-eabi/lib/thumb/v7-m/nofp\libc_nano.a(lib_a-nano-svfprintf.o)
                0x0000000008008760                . = ALIGN (0x4)
 *fill*         0x000000000800875d        0x3 

.rel.dyn        0x0000000008008760        0x0
 .rel.iplt      0x0000000008008760        0x0 c:/users/user/.vscode/extensions/buzzyelectronics.stm-helper-1.2.9/armgcc/bin/../lib/gcc/arm-none-eabi/9.2.1/thumb/v7-m/nofp/crtbegin.o

.ARM.extab
 *(.ARM.extab* .gnu.linkonce.armextab.*)

.ARM            0x0000000008008760        0x0
                0x0000000008008760                __exidx_start = .
 *(.ARM.exidx*)
                0x0000000008008760                __exidx_end = .

.preinit_array  0x0000000008008760        0x0
                0x0000000008008760                PROVIDE (__preinit_array_start = .)
 *(.preinit_array*)
                0x0000000008008760                PROVIDE (__preinit_array_end = .)

.init_array     0x0000000008008760        0x4
                0x0000000008008760                PROVIDE (__init_array_start = .)
 *(SORT_BY_NAME(.init_array.*))
 *(.init_array*)
 .init_array    0x0000000008008760        0x4 c:/users/user/.vscode/extensions/buzzyelectronics.stm-helper-1.2.9/armgcc/bin/../lib/gcc/arm-none-eabi/9.2.1/thumb/v7-m/nofp/crtbegin.o
                0x0000000008008764                PROVIDE (__init_array_end = .)

.fini_array     0x0000000008008764        0x4
                [!provide]                        PROVIDE (__fini_array_start = .)
 *(SORT_BY_NAME(.fini_array.*))
 *(.fini_array*)
 .fini_array    0x0000000008008764        0x4 c:/users/user/.vscode/extensions/buzzyelectronics.stm-helper-1.2.9/armgcc/bin/../lib/gcc/arm-none-eabi/9.2.1/thumb/v7-m/nofp/crtbegin.o
                [!provide]                        PROVIDE (__fini_array_end = .)
                0x0000000008008768                _sidata = LOADADDR (.data)

.data           0x0000000020000000      0x26c load address 0x0000000008008768
                0x0000000020000000                . = ALIGN (0x4)
                0x0000000020000000                _sdata = .
 *(.data)
 *(.data*)
 .data.Data     0x0000000020000000       0x34 build/main.o
                0x0000000020000000                Data
 .data.EnergyData
                0x0000000020000034       0x54 build/main.o
                0x0000000020000034                EnergyData
 .data.lastSendHour
                0x0000000020000088        0x1 build/main.o
                0x0000000020000088                lastSendHour
 .data.uwTickFreq
                0x0000000020000089        0x1 build/stm32f1xx_hal.o
                0x0000000020000089                uwTickFreq
 *fill*         0x000000002000008a        0x2 
 .data.uwTickPrio
                0x000000002000008c        0x4 build/stm32f1xx_hal.o
                0x000000002000008c                uwTickPrio
 .data.SystemCoreClock
                0x0000000020000090        0x4 build/system_stm32f1xx.o
                0x0000000020000090                SystemCoreClock
 .data.u8BufferSize
                0x0000000020000094        0x1 build/ModbusRtu.o
                0x0000000020000094                u8BufferSize
 *fill*         0x0000000020000095        0x3 
 .data._impure_ptr
                0x0000000020000098        0x4 c:/users/user/.vscode/extensions/buzzyelectronics.stm-helper-1.2.9/armgcc/bin/../lib/gcc/arm-none-eabi/9.2.1/../../../../arm-none-eabi/lib/thumb/v7-m/nofp\libc_nano.a(lib_a-impure.o)
                0x0000000020000098                _impure_ptr
 .data.impure_data
                0x000000002000009c       0x60 c:/users/user/.vscode/extensions/buzzyelectronics.stm-helper-1.2.9/armgcc/bin/../lib/gcc/arm-none-eabi/9.2.1/../../../../arm-none-eabi/lib/thumb/v7-m/nofp\libc_nano.a(lib_a-impure.o)
 .data.numempty
                0x00000000200000fc        0x2 c:/users/user/.vscode/extensions/buzzyelectronics.stm-helper-1.2.9/armgcc/bin/../lib/gcc/arm-none-eabi/9.2.1/../../../../arm-none-eabi/lib/thumb/v7-m/nofp\libc_nano.a(lib_a-lnumeric.o)
 *fill*         0x00000000200000fe        0x2 
 .data.__global_locale
                0x0000000020000100      0x16c c:/users/user/.vscode/extensions/buzzyelectronics.stm-helper-1.2.9/armgcc/bin/../lib/gcc/arm-none-eabi/9.2.1/../../../../arm-none-eabi/lib/thumb/v7-m/nofp\libc_nano.a(lib_a-locale.o)
                0x0000000020000100                __global_locale
                0x000000002000026c                . = ALIGN (0x4)
                0x000000002000026c                _edata = .

.igot.plt       0x000000002000026c        0x0 load address 0x00000000080089d4
 .igot.plt      0x000000002000026c        0x0 c:/users/user/.vscode/extensions/buzzyelectronics.stm-helper-1.2.9/armgcc/bin/../lib/gcc/arm-none-eabi/9.2.1/thumb/v7-m/nofp/crtbegin.o
                0x000000002000026c                . = ALIGN (0x4)

.bss            0x000000002000026c      0x2b8 load address 0x00000000080089d4
                0x000000002000026c                _sbss = .
                0x000000002000026c                __bss_start__ = _sbss
 *(.bss)
 *(.bss*)
 .bss.completed.8911
                0x000000002000026c        0x1 c:/users/user/.vscode/extensions/buzzyelectronics.stm-helper-1.2.9/armgcc/bin/../lib/gcc/arm-none-eabi/9.2.1/thumb/v7-m/nofp/crtbegin.o
 *fill*         0x000000002000026d        0x3 
 .bss.object.8916
                0x0000000020000270       0x18 c:/users/user/.vscode/extensions/buzzyelectronics.stm-helper-1.2.9/armgcc/bin/../lib/gcc/arm-none-eabi/9.2.1/thumb/v7-m/nofp/crtbegin.o
 .bss.ExceptionArr
                0x0000000020000288        0xf build/main.o
                0x0000000020000288                ExceptionArr
 .bss.ExceptionNum
                0x0000000020000297        0x1 build/main.o
                0x0000000020000297                ExceptionNum
 .bss.buttonIsPressed
                0x0000000020000298        0x1 build/main.o
                0x0000000020000298                buttonIsPressed
 .bss.daysScroll
                0x0000000020000299        0x1 build/main.o
                0x0000000020000299                daysScroll
 *fill*         0x000000002000029a        0x2 
 .bss.realTime  0x000000002000029c        0x3 build/main.o
                0x000000002000029c                realTime
 .bss.scrollCount
                0x000000002000029f        0x1 build/main.o
                0x000000002000029f                scrollCount
 .bss.selectedElemIndex
                0x00000000200002a0        0x1 build/main.o
                0x00000000200002a0                selectedElemIndex
 *fill*         0x00000000200002a1        0x3 
 .bss.stri      0x00000000200002a4        0xc build/ModbusRtu.o
                0x00000000200002a4                stri
 .bss.__malloc_free_list
                0x00000000200002b0        0x4 c:/users/user/.vscode/extensions/buzzyelectronics.stm-helper-1.2.9/armgcc/bin/../lib/gcc/arm-none-eabi/9.2.1/../../../../arm-none-eabi/lib/thumb/v7-m/nofp\libc_nano.a(lib_a-nano-mallocr.o)
                0x00000000200002b0                __malloc_free_list
 .bss.__malloc_sbrk_start
                0x00000000200002b4        0x4 c:/users/user/.vscode/extensions/buzzyelectronics.stm-helper-1.2.9/armgcc/bin/../lib/gcc/arm-none-eabi/9.2.1/../../../../arm-none-eabi/lib/thumb/v7-m/nofp\libc_nano.a(lib_a-nano-mallocr.o)
                0x00000000200002b4                __malloc_sbrk_start
 .bss.heap_end.4144
                0x00000000200002b8        0x4 c:/users/user/.vscode/extensions/buzzyelectronics.stm-helper-1.2.9/armgcc/bin/../lib/gcc/arm-none-eabi/9.2.1/../../../../arm-none-eabi/lib/thumb/v7-m/nofp\libnosys.a(sbrk.o)
 *(COMMON)
 COMMON         0x00000000200002bc      0x1f0 build/main.o
                0x00000000200002bc                lastInteractionTime
                0x00000000200002c0                htim4
                0x0000000020000300                huart3
                0x0000000020000340                hi2c1
                0x0000000020000394                htim3
                0x00000000200003d4                huart1
                0x0000000020000414                lastReqTime
                0x0000000020000418                hrtc
                0x000000002000042c                htim2
                0x000000002000046c                huart2
 COMMON         0x00000000200004ac        0x4 build/stm32f1xx_hal.o
                0x00000000200004ac                uwTick
 COMMON         0x00000000200004b0       0x64 build/ModbusRtu.o
                0x00000000200004b0                au16regs
                0x00000000200004d0                u16InCnt
                0x00000000200004d2                u16OutCnt
                0x00000000200004d4                au8Buffer
 COMMON         0x0000000020000514        0x4 c:/users/user/.vscode/extensions/buzzyelectronics.stm-helper-1.2.9/armgcc/bin/../lib/gcc/arm-none-eabi/9.2.1/../../../../arm-none-eabi/lib/thumb/v7-m/nofp\libc_nano.a(lib_a-reent.o)
                0x0000000020000514                errno
 COMMON         0x0000000020000518        0x9 c:/users/user/.vscode/extensions/buzzyelectronics.stm-helper-1.2.9/armgcc/bin/../lib/gcc/arm-none-eabi/9.2.1/../../../../arm-none-eabi/lib/thumb/v7-m/nofp\libc_nano.a(lib_a-lock.o)
                0x0000000020000518                __lock___atexit_recursive_mutex
                0x0000000020000519                __lock___arc4random_mutex
                0x000000002000051a                __lock___env_recursive_mutex
                0x000000002000051b                __lock___sinit_recursive_mutex
                0x000000002000051c                __lock___malloc_recursive_mutex
                0x000000002000051d                __lock___at_quick_exit_mutex
                0x000000002000051e                __lock___dd_hash_mutex
                0x000000002000051f                __lock___tz_mutex
                0x0000000020000520                __lock___sfp_recursive_mutex
                0x0000000020000524                . = ALIGN (0x4)
 *fill*         0x0000000020000521        0x3 
                0x0000000020000524                _ebss = .
                0x0000000020000524                __bss_end__ = _ebss

._user_heap_stack
                0x0000000020000524      0x604 load address 0x00000000080089d4
                0x0000000020000528                . = ALIGN (0x8)
 *fill*         0x0000000020000524        0x4 
                0x0000000020000528                PROVIDE (end = .)
                [!provide]                        PROVIDE (_end = .)
                0x0000000020000728                . = (. + _Min_Heap_Size)
 *fill*         0x0000000020000528      0x200 
                0x0000000020000b28                . = (. + _Min_Stack_Size)
 *fill*         0x0000000020000728      0x400 
                0x0000000020000b28                . = ALIGN (0x8)

/DISCARD/
 libc.a(*)
 libm.a(*)
 libgcc.a(*)

.ARM.attributes
                0x0000000000000000       0x29
 *(.ARM.attributes)
 .ARM.attributes
                0x0000000000000000       0x1d c:/users/user/.vscode/extensions/buzzyelectronics.stm-helper-1.2.9/armgcc/bin/../lib/gcc/arm-none-eabi/9.2.1/thumb/v7-m/nofp/crti.o
 .ARM.attributes
                0x000000000000001d       0x2d c:/users/user/.vscode/extensions/buzzyelectronics.stm-helper-1.2.9/armgcc/bin/../lib/gcc/arm-none-eabi/9.2.1/thumb/v7-m/nofp/crtbegin.o
 .ARM.attributes
                0x000000000000004a       0x2d build/main.o
 .ARM.attributes
                0x0000000000000077       0x2d build/stm32f1xx_it.o
 .ARM.attributes
                0x00000000000000a4       0x2d build/stm32f1xx_hal_msp.o
 .ARM.attributes
                0x00000000000000d1       0x2d build/stm32f1xx_hal_i2c.o
 .ARM.attributes
                0x00000000000000fe       0x2d build/stm32f1xx_hal.o
 .ARM.attributes
                0x000000000000012b       0x2d build/stm32f1xx_hal_rcc.o
 .ARM.attributes
                0x0000000000000158       0x2d build/stm32f1xx_hal_rcc_ex.o
 .ARM.attributes
                0x0000000000000185       0x2d build/stm32f1xx_hal_gpio.o
 .ARM.attributes
                0x00000000000001b2       0x2d build/stm32f1xx_hal_dma.o
 .ARM.attributes
                0x00000000000001df       0x2d build/stm32f1xx_hal_cortex.o
 .ARM.attributes
                0x000000000000020c       0x2d build/stm32f1xx_hal_pwr.o
 .ARM.attributes
                0x0000000000000239       0x2d build/stm32f1xx_hal_rtc.o
 .ARM.attributes
                0x0000000000000266       0x2d build/stm32f1xx_hal_tim.o
 .ARM.attributes
                0x0000000000000293       0x2d build/stm32f1xx_hal_tim_ex.o
 .ARM.attributes
                0x00000000000002c0       0x2d build/stm32f1xx_hal_uart.o
 .ARM.attributes
                0x00000000000002ed       0x2d build/system_stm32f1xx.o
 .ARM.attributes
                0x000000000000031a       0x2d build/ESPControl.o
 .ARM.attributes
                0x0000000000000347       0x2d build/i2c-lcd.o
 .ARM.attributes
                0x0000000000000374       0x2d build/ModbusRtu.o
 .ARM.attributes
                0x00000000000003a1       0x2d build/controllerSleep.o
 .ARM.attributes
                0x00000000000003ce       0x21 build/startup_stm32f103xb.o
 .ARM.attributes
                0x00000000000003ef       0x2d c:/users/user/.vscode/extensions/buzzyelectronics.stm-helper-1.2.9/armgcc/bin/../lib/gcc/arm-none-eabi/9.2.1/../../../../arm-none-eabi/lib/thumb/v7-m/nofp\libc_nano.a(lib_a-atof.o)
 .ARM.attributes
                0x000000000000041c       0x2d c:/users/user/.vscode/extensions/buzzyelectronics.stm-helper-1.2.9/armgcc/bin/../lib/gcc/arm-none-eabi/9.2.1/../../../../arm-none-eabi/lib/thumb/v7-m/nofp\libc_nano.a(lib_a-atoi.o)
 .ARM.attributes
                0x0000000000000449       0x2d c:/users/user/.vscode/extensions/buzzyelectronics.stm-helper-1.2.9/armgcc/bin/../lib/gcc/arm-none-eabi/9.2.1/../../../../arm-none-eabi/lib/thumb/v7-m/nofp\libc_nano.a(lib_a-calloc.o)
 .ARM.attributes
                0x0000000000000476       0x2d c:/users/user/.vscode/extensions/buzzyelectronics.stm-helper-1.2.9/armgcc/bin/../lib/gcc/arm-none-eabi/9.2.1/../../../../arm-none-eabi/lib/thumb/v7-m/nofp\libc_nano.a(lib_a-impure.o)
 .ARM.attributes
                0x00000000000004a3       0x2d c:/users/user/.vscode/extensions/buzzyelectronics.stm-helper-1.2.9/armgcc/bin/../lib/gcc/arm-none-eabi/9.2.1/../../../../arm-none-eabi/lib/thumb/v7-m/nofp\libc_nano.a(lib_a-init.o)
 .ARM.attributes
                0x00000000000004d0       0x2d c:/users/user/.vscode/extensions/buzzyelectronics.stm-helper-1.2.9/armgcc/bin/../lib/gcc/arm-none-eabi/9.2.1/../../../../arm-none-eabi/lib/thumb/v7-m/nofp\libc_nano.a(lib_a-malloc.o)
 .ARM.attributes
                0x00000000000004fd       0x2d c:/users/user/.vscode/extensions/buzzyelectronics.stm-helper-1.2.9/armgcc/bin/../lib/gcc/arm-none-eabi/9.2.1/../../../../arm-none-eabi/lib/thumb/v7-m/nofp\libc_nano.a(lib_a-memmove.o)
 .ARM.attributes
                0x000000000000052a       0x2d c:/users/user/.vscode/extensions/buzzyelectronics.stm-helper-1.2.9/armgcc/bin/../lib/gcc/arm-none-eabi/9.2.1/../../../../arm-none-eabi/lib/thumb/v7-m/nofp\libc_nano.a(lib_a-memset.o)
 .ARM.attributes
                0x0000000000000557       0x2d c:/users/user/.vscode/extensions/buzzyelectronics.stm-helper-1.2.9/armgcc/bin/../lib/gcc/arm-none-eabi/9.2.1/../../../../arm-none-eabi/lib/thumb/v7-m/nofp\libc_nano.a(lib_a-nano-callocr.o)
 .ARM.attributes
                0x0000000000000584       0x2d c:/users/user/.vscode/extensions/buzzyelectronics.stm-helper-1.2.9/armgcc/bin/../lib/gcc/arm-none-eabi/9.2.1/../../../../arm-none-eabi/lib/thumb/v7-m/nofp\libc_nano.a(lib_a-nano-freer.o)
 .ARM.attributes
                0x00000000000005b1       0x2d c:/users/user/.vscode/extensions/buzzyelectronics.stm-helper-1.2.9/armgcc/bin/../lib/gcc/arm-none-eabi/9.2.1/../../../../arm-none-eabi/lib/thumb/v7-m/nofp\libc_nano.a(lib_a-nano-mallocr.o)
 .ARM.attributes
                0x00000000000005de       0x2d c:/users/user/.vscode/extensions/buzzyelectronics.stm-helper-1.2.9/armgcc/bin/../lib/gcc/arm-none-eabi/9.2.1/../../../../arm-none-eabi/lib/thumb/v7-m/nofp\libc_nano.a(lib_a-nano-vfprintf_float.o)
 .ARM.attributes
                0x000000000000060b       0x2d c:/users/user/.vscode/extensions/buzzyelectronics.stm-helper-1.2.9/armgcc/bin/../lib/gcc/arm-none-eabi/9.2.1/../../../../arm-none-eabi/lib/thumb/v7-m/nofp\libc_nano.a(lib_a-nano-vfprintf_i.o)
 .ARM.attributes
                0x0000000000000638       0x2d c:/users/user/.vscode/extensions/buzzyelectronics.stm-helper-1.2.9/armgcc/bin/../lib/gcc/arm-none-eabi/9.2.1/../../../../arm-none-eabi/lib/thumb/v7-m/nofp\libc_nano.a(lib_a-sbrkr.o)
 .ARM.attributes
                0x0000000000000665       0x2d c:/users/user/.vscode/extensions/buzzyelectronics.stm-helper-1.2.9/armgcc/bin/../lib/gcc/arm-none-eabi/9.2.1/../../../../arm-none-eabi/lib/thumb/v7-m/nofp\libc_nano.a(lib_a-snprintf.o)
 .ARM.attributes
                0x0000000000000692       0x2d c:/users/user/.vscode/extensions/buzzyelectronics.stm-helper-1.2.9/armgcc/bin/../lib/gcc/arm-none-eabi/9.2.1/../../../../arm-none-eabi/lib/thumb/v7-m/nofp\libc_nano.a(lib_a-sprintf.o)
 .ARM.attributes
                0x00000000000006bf       0x2d c:/users/user/.vscode/extensions/buzzyelectronics.stm-helper-1.2.9/armgcc/bin/../lib/gcc/arm-none-eabi/9.2.1/../../../../arm-none-eabi/lib/thumb/v7-m/nofp\libc_nano.a(lib_a-strcat.o)
 .ARM.attributes
                0x00000000000006ec       0x1b c:/users/user/.vscode/extensions/buzzyelectronics.stm-helper-1.2.9/armgcc/bin/../lib/gcc/arm-none-eabi/9.2.1/../../../../arm-none-eabi/lib/thumb/v7-m/nofp\libc_nano.a(lib_a-strcmp.o)
 .ARM.attributes
                0x0000000000000707       0x2d c:/users/user/.vscode/extensions/buzzyelectronics.stm-helper-1.2.9/armgcc/bin/../lib/gcc/arm-none-eabi/9.2.1/../../../../arm-none-eabi/lib/thumb/v7-m/nofp\libc_nano.a(lib_a-strcpy.o)
 .ARM.attributes
                0x0000000000000734       0x17 c:/users/user/.vscode/extensions/buzzyelectronics.stm-helper-1.2.9/armgcc/bin/../lib/gcc/arm-none-eabi/9.2.1/../../../../arm-none-eabi/lib/thumb/v7-m/nofp\libc_nano.a(lib_a-strlen.o)
 .ARM.attributes
                0x000000000000074b       0x2d c:/users/user/.vscode/extensions/buzzyelectronics.stm-helper-1.2.9/armgcc/bin/../lib/gcc/arm-none-eabi/9.2.1/../../../../arm-none-eabi/lib/thumb/v7-m/nofp\libc_nano.a(lib_a-strstr.o)
 .ARM.attributes
                0x0000000000000778       0x2d c:/users/user/.vscode/extensions/buzzyelectronics.stm-helper-1.2.9/armgcc/bin/../lib/gcc/arm-none-eabi/9.2.1/../../../../arm-none-eabi/lib/thumb/v7-m/nofp\libc_nano.a(lib_a-strtod.o)
 .ARM.attributes
                0x00000000000007a5       0x2d c:/users/user/.vscode/extensions/buzzyelectronics.stm-helper-1.2.9/armgcc/bin/../lib/gcc/arm-none-eabi/9.2.1/../../../../arm-none-eabi/lib/thumb/v7-m/nofp\libc_nano.a(lib_a-strtok.o)
 .ARM.attributes
                0x00000000000007d2       0x2d c:/users/user/.vscode/extensions/buzzyelectronics.stm-helper-1.2.9/armgcc/bin/../lib/gcc/arm-none-eabi/9.2.1/../../../../arm-none-eabi/lib/thumb/v7-m/nofp\libc_nano.a(lib_a-strtok_r.o)
 .ARM.attributes
                0x00000000000007ff       0x2d c:/users/user/.vscode/extensions/buzzyelectronics.stm-helper-1.2.9/armgcc/bin/../lib/gcc/arm-none-eabi/9.2.1/../../../../arm-none-eabi/lib/thumb/v7-m/nofp\libc_nano.a(lib_a-strtol.o)
 .ARM.attributes
                0x000000000000082c       0x2d c:/users/user/.vscode/extensions/buzzyelectronics.stm-helper-1.2.9/armgcc/bin/../lib/gcc/arm-none-eabi/9.2.1/../../../../arm-none-eabi/lib/thumb/v7-m/nofp\libc_nano.a(lib_a-ctype_.o)
 .ARM.attributes
                0x0000000000000859       0x2d c:/users/user/.vscode/extensions/buzzyelectronics.stm-helper-1.2.9/armgcc/bin/../lib/gcc/arm-none-eabi/9.2.1/../../../../arm-none-eabi/lib/thumb/v7-m/nofp\libc_nano.a(lib_a-dtoa.o)
 .ARM.attributes
                0x0000000000000886       0x2d c:/users/user/.vscode/extensions/buzzyelectronics.stm-helper-1.2.9/armgcc/bin/../lib/gcc/arm-none-eabi/9.2.1/../../../../arm-none-eabi/lib/thumb/v7-m/nofp\libc_nano.a(lib_a-gdtoa-gethex.o)
 .ARM.attributes
                0x00000000000008b3       0x2d c:/users/user/.vscode/extensions/buzzyelectronics.stm-helper-1.2.9/armgcc/bin/../lib/gcc/arm-none-eabi/9.2.1/../../../../arm-none-eabi/lib/thumb/v7-m/nofp\libc_nano.a(lib_a-gdtoa-hexnan.o)
 .ARM.attributes
                0x00000000000008e0       0x2d c:/users/user/.vscode/extensions/buzzyelectronics.stm-helper-1.2.9/armgcc/bin/../lib/gcc/arm-none-eabi/9.2.1/../../../../arm-none-eabi/lib/thumb/v7-m/nofp\libc_nano.a(lib_a-lnumeric.o)
 .ARM.attributes
                0x000000000000090d       0x2d c:/users/user/.vscode/extensions/buzzyelectronics.stm-helper-1.2.9/armgcc/bin/../lib/gcc/arm-none-eabi/9.2.1/../../../../arm-none-eabi/lib/thumb/v7-m/nofp\libc_nano.a(lib_a-locale.o)
 .ARM.attributes
                0x000000000000093a       0x2d c:/users/user/.vscode/extensions/buzzyelectronics.stm-helper-1.2.9/armgcc/bin/../lib/gcc/arm-none-eabi/9.2.1/../../../../arm-none-eabi/lib/thumb/v7-m/nofp\libc_nano.a(lib_a-localeconv.o)
 .ARM.attributes
                0x0000000000000967       0x2d c:/users/user/.vscode/extensions/buzzyelectronics.stm-helper-1.2.9/armgcc/bin/../lib/gcc/arm-none-eabi/9.2.1/../../../../arm-none-eabi/lib/thumb/v7-m/nofp\libc_nano.a(lib_a-mbtowc_r.o)
 .ARM.attributes
                0x0000000000000994       0x2d c:/users/user/.vscode/extensions/buzzyelectronics.stm-helper-1.2.9/armgcc/bin/../lib/gcc/arm-none-eabi/9.2.1/../../../../arm-none-eabi/lib/thumb/v7-m/nofp\libc_nano.a(lib_a-memchr-stub.o)
 .ARM.attributes
                0x00000000000009c1       0x2d c:/users/user/.vscode/extensions/buzzyelectronics.stm-helper-1.2.9/armgcc/bin/../lib/gcc/arm-none-eabi/9.2.1/../../../../arm-none-eabi/lib/thumb/v7-m/nofp\libc_nano.a(lib_a-memcpy-stub.o)
 .ARM.attributes
                0x00000000000009ee       0x2d c:/users/user/.vscode/extensions/buzzyelectronics.stm-helper-1.2.9/armgcc/bin/../lib/gcc/arm-none-eabi/9.2.1/../../../../arm-none-eabi/lib/thumb/v7-m/nofp\libc_nano.a(lib_a-mlock.o)
 .ARM.attributes
                0x0000000000000a1b       0x2d c:/users/user/.vscode/extensions/buzzyelectronics.stm-helper-1.2.9/armgcc/bin/../lib/gcc/arm-none-eabi/9.2.1/../../../../arm-none-eabi/lib/thumb/v7-m/nofp\libc_nano.a(lib_a-mprec.o)
 .ARM.attributes
                0x0000000000000a48       0x2d c:/users/user/.vscode/extensions/buzzyelectronics.stm-helper-1.2.9/armgcc/bin/../lib/gcc/arm-none-eabi/9.2.1/../../../../arm-none-eabi/lib/thumb/v7-m/nofp\libc_nano.a(lib_a-nano-svfprintf.o)
 .ARM.attributes
                0x0000000000000a75       0x2d c:/users/user/.vscode/extensions/buzzyelectronics.stm-helper-1.2.9/armgcc/bin/../lib/gcc/arm-none-eabi/9.2.1/../../../../arm-none-eabi/lib/thumb/v7-m/nofp\libc_nano.a(lib_a-reent.o)
 .ARM.attributes
                0x0000000000000aa2       0x2d c:/users/user/.vscode/extensions/buzzyelectronics.stm-helper-1.2.9/armgcc/bin/../lib/gcc/arm-none-eabi/9.2.1/../../../../arm-none-eabi/lib/thumb/v7-m/nofp\libc_nano.a(lib_a-s_nan.o)
 .ARM.attributes
                0x0000000000000acf       0x2d c:/users/user/.vscode/extensions/buzzyelectronics.stm-helper-1.2.9/armgcc/bin/../lib/gcc/arm-none-eabi/9.2.1/../../../../arm-none-eabi/lib/thumb/v7-m/nofp\libc_nano.a(lib_a-strncmp.o)
 .ARM.attributes
                0x0000000000000afc       0x2d c:/users/user/.vscode/extensions/buzzyelectronics.stm-helper-1.2.9/armgcc/bin/../lib/gcc/arm-none-eabi/9.2.1/../../../../arm-none-eabi/lib/thumb/v7-m/nofp\libc_nano.a(lib_a-wctomb_r.o)
 .ARM.attributes
                0x0000000000000b29       0x2d c:/users/user/.vscode/extensions/buzzyelectronics.stm-helper-1.2.9/armgcc/bin/../lib/gcc/arm-none-eabi/9.2.1/../../../../arm-none-eabi/lib/thumb/v7-m/nofp\libc_nano.a(lib_a-lock.o)
 .ARM.attributes
                0x0000000000000b56       0x2d c:/users/user/.vscode/extensions/buzzyelectronics.stm-helper-1.2.9/armgcc/bin/../lib/gcc/arm-none-eabi/9.2.1/../../../../arm-none-eabi/lib/thumb/v7-m/nofp\libc_nano.a(lib_a-nano-reallocr.o)
 .ARM.attributes
                0x0000000000000b83       0x2d c:/users/user/.vscode/extensions/buzzyelectronics.stm-helper-1.2.9/armgcc/bin/../lib/gcc/arm-none-eabi/9.2.1/../../../../arm-none-eabi/lib/thumb/v7-m/nofp\libc_nano.a(lib_a-nano-msizer.o)
 .ARM.attributes
                0x0000000000000bb0       0x2d c:/users/user/.vscode/extensions/buzzyelectronics.stm-helper-1.2.9/armgcc/bin/../lib/gcc/arm-none-eabi/9.2.1/../../../../arm-none-eabi/lib/thumb/v7-m/nofp\libnosys.a(sbrk.o)
 .ARM.attributes
                0x0000000000000bdd       0x1d c:/users/user/.vscode/extensions/buzzyelectronics.stm-helper-1.2.9/armgcc/bin/../lib/gcc/arm-none-eabi/9.2.1/thumb/v7-m/nofp\libgcc.a(_arm_addsubdf3.o)
 .ARM.attributes
                0x0000000000000bfa       0x1d c:/users/user/.vscode/extensions/buzzyelectronics.stm-helper-1.2.9/armgcc/bin/../lib/gcc/arm-none-eabi/9.2.1/thumb/v7-m/nofp\libgcc.a(_arm_muldivdf3.o)
 .ARM.attributes
                0x0000000000000c17       0x1d c:/users/user/.vscode/extensions/buzzyelectronics.stm-helper-1.2.9/armgcc/bin/../lib/gcc/arm-none-eabi/9.2.1/thumb/v7-m/nofp\libgcc.a(_arm_cmpdf2.o)
 .ARM.attributes
                0x0000000000000c34       0x1d c:/users/user/.vscode/extensions/buzzyelectronics.stm-helper-1.2.9/armgcc/bin/../lib/gcc/arm-none-eabi/9.2.1/thumb/v7-m/nofp\libgcc.a(_arm_unorddf2.o)
 .ARM.attributes
                0x0000000000000c51       0x1d c:/users/user/.vscode/extensions/buzzyelectronics.stm-helper-1.2.9/armgcc/bin/../lib/gcc/arm-none-eabi/9.2.1/thumb/v7-m/nofp\libgcc.a(_arm_fixdfsi.o)
 .ARM.attributes
                0x0000000000000c6e       0x1d c:/users/user/.vscode/extensions/buzzyelectronics.stm-helper-1.2.9/armgcc/bin/../lib/gcc/arm-none-eabi/9.2.1/thumb/v7-m/nofp\libgcc.a(_arm_fixunsdfsi.o)
 .ARM.attributes
                0x0000000000000c8b       0x2d c:/users/user/.vscode/extensions/buzzyelectronics.stm-helper-1.2.9/armgcc/bin/../lib/gcc/arm-none-eabi/9.2.1/thumb/v7-m/nofp\libgcc.a(_fixdfdi.o)
 .ARM.attributes
                0x0000000000000cb8       0x2d c:/users/user/.vscode/extensions/buzzyelectronics.stm-helper-1.2.9/armgcc/bin/../lib/gcc/arm-none-eabi/9.2.1/thumb/v7-m/nofp\libgcc.a(_fixunsdfdi.o)
 .ARM.attributes
                0x0000000000000ce5       0x1d c:/users/user/.vscode/extensions/buzzyelectronics.stm-helper-1.2.9/armgcc/bin/../lib/gcc/arm-none-eabi/9.2.1/thumb/v7-m/nofp/crtn.o
OUTPUT(build/SolarMonitor.elf elf32-littlearm)

.debug_info     0x0000000000000000    0x1ca3b
 .debug_info    0x0000000000000000     0x38c6 build/main.o
 .debug_info    0x00000000000038c6     0x1748 build/stm32f1xx_it.o
 .debug_info    0x000000000000500e     0x2281 build/stm32f1xx_hal_msp.o
 .debug_info    0x000000000000728f     0x3bbc build/stm32f1xx_hal_i2c.o
 .debug_info    0x000000000000ae4b      0x8c6 build/stm32f1xx_hal.o
 .debug_info    0x000000000000b711      0xb59 build/stm32f1xx_hal_rcc.o
 .debug_info    0x000000000000c26a      0x533 build/stm32f1xx_hal_rcc_ex.o
 .debug_info    0x000000000000c79d      0x7a8 build/stm32f1xx_hal_gpio.o
 .debug_info    0x000000000000cf45      0x9a7 build/stm32f1xx_hal_dma.o
 .debug_info    0x000000000000d8ec      0xee9 build/stm32f1xx_hal_cortex.o
 .debug_info    0x000000000000e7d5      0x81c build/stm32f1xx_hal_pwr.o
 .debug_info    0x000000000000eff1     0x14b7 build/stm32f1xx_hal_rtc.o
 .debug_info    0x00000000000104a8     0x3948 build/stm32f1xx_hal_tim.o
 .debug_info    0x0000000000013df0     0x1813 build/stm32f1xx_hal_tim_ex.o
 .debug_info    0x0000000000015603     0x1a9a build/stm32f1xx_hal_uart.o
 .debug_info    0x000000000001709d      0x4d3 build/system_stm32f1xx.o
 .debug_info    0x0000000000017570     0x1bc1 build/ESPControl.o
 .debug_info    0x0000000000019131      0xb74 build/i2c-lcd.o
 .debug_info    0x0000000000019ca5     0x1644 build/ModbusRtu.o
 .debug_info    0x000000000001b2e9     0x1730 build/controllerSleep.o
 .debug_info    0x000000000001ca19       0x22 build/startup_stm32f103xb.o

.debug_abbrev   0x0000000000000000     0x3438
 .debug_abbrev  0x0000000000000000      0x406 build/main.o
 .debug_abbrev  0x0000000000000406      0x278 build/stm32f1xx_it.o
 .debug_abbrev  0x000000000000067e      0x2e6 build/stm32f1xx_hal_msp.o